Archive member included to satisfy reference by file (symbol)

/usr/lib/gcc/arm-none-eabi/6.3.1/thumb/v7e-m/fpv4-sp/hard/libgcc.a(_aeabi_ldivmod.o)
                              /tmp/cc6q353B.o (__aeabi_ldivmod)
/usr/lib/gcc/arm-none-eabi/6.3.1/thumb/v7e-m/fpv4-sp/hard/libgcc.a(_aeabi_uldivmod.o)
                              /tmp/cc6q353B.o (__aeabi_uldivmod)
/usr/lib/gcc/arm-none-eabi/6.3.1/thumb/v7e-m/fpv4-sp/hard/libgcc.a(_udivmoddi4.o)
                              /usr/lib/gcc/arm-none-eabi/6.3.1/thumb/v7e-m/fpv4-sp/hard/libgcc.a(_aeabi_ldivmod.o) (__udivmoddi4)
/usr/lib/gcc/arm-none-eabi/6.3.1/thumb/v7e-m/fpv4-sp/hard/libgcc.a(_dvmd_tls.o)
                              /usr/lib/gcc/arm-none-eabi/6.3.1/thumb/v7e-m/fpv4-sp/hard/libgcc.a(_aeabi_ldivmod.o) (__aeabi_ldiv0)
/usr/lib/gcc/arm-none-eabi/6.3.1/../../../arm-none-eabi/lib/thumb/v7e-m/fpv4-sp/hard/libc_nano.a(lib_a-atexit.o)
                              /usr/lib/gcc/arm-none-eabi/6.3.1/../../../arm-none-eabi/lib/thumb/v7e-m/fpv4-sp/hard/crt0.o (atexit)
/usr/lib/gcc/arm-none-eabi/6.3.1/../../../arm-none-eabi/lib/thumb/v7e-m/fpv4-sp/hard/libc_nano.a(lib_a-atoi.o)
                              /tmp/ccXVCA4s.o (atoi)
/usr/lib/gcc/arm-none-eabi/6.3.1/../../../arm-none-eabi/lib/thumb/v7e-m/fpv4-sp/hard/libc_nano.a(lib_a-ctype_.o)
                              /tmp/ccSBBS7n.o (__ctype_ptr__)
/usr/lib/gcc/arm-none-eabi/6.3.1/../../../arm-none-eabi/lib/thumb/v7e-m/fpv4-sp/hard/libc_nano.a(lib_a-errno.o)
                              /tmp/ccOvwWJw.o (__errno)
/usr/lib/gcc/arm-none-eabi/6.3.1/../../../arm-none-eabi/lib/thumb/v7e-m/fpv4-sp/hard/libc_nano.a(lib_a-exit.o)
                              /usr/lib/gcc/arm-none-eabi/6.3.1/../../../arm-none-eabi/lib/thumb/v7e-m/fpv4-sp/hard/crt0.o (exit)
/usr/lib/gcc/arm-none-eabi/6.3.1/../../../arm-none-eabi/lib/thumb/v7e-m/fpv4-sp/hard/libc_nano.a(lib_a-fini.o)
                              /usr/lib/gcc/arm-none-eabi/6.3.1/../../../arm-none-eabi/lib/thumb/v7e-m/fpv4-sp/hard/crt0.o (__libc_fini_array)
/usr/lib/gcc/arm-none-eabi/6.3.1/../../../arm-none-eabi/lib/thumb/v7e-m/fpv4-sp/hard/libc_nano.a(lib_a-impure.o)
                              /usr/lib/gcc/arm-none-eabi/6.3.1/../../../arm-none-eabi/lib/thumb/v7e-m/fpv4-sp/hard/libc_nano.a(lib_a-exit.o) (_global_impure_ptr)
/usr/lib/gcc/arm-none-eabi/6.3.1/../../../arm-none-eabi/lib/thumb/v7e-m/fpv4-sp/hard/libc_nano.a(lib_a-init.o)
                              /usr/lib/gcc/arm-none-eabi/6.3.1/../../../arm-none-eabi/lib/thumb/v7e-m/fpv4-sp/hard/crt0.o (__libc_init_array)
/usr/lib/gcc/arm-none-eabi/6.3.1/../../../arm-none-eabi/lib/thumb/v7e-m/fpv4-sp/hard/libc_nano.a(lib_a-malloc.o)
                              /tmp/cc5r2u4g.o (malloc)
/usr/lib/gcc/arm-none-eabi/6.3.1/../../../arm-none-eabi/lib/thumb/v7e-m/fpv4-sp/hard/libc_nano.a(lib_a-memcmp.o)
                              /tmp/ccyCAOrJ.o (memcmp)
/usr/lib/gcc/arm-none-eabi/6.3.1/../../../arm-none-eabi/lib/thumb/v7e-m/fpv4-sp/hard/libc_nano.a(lib_a-memcpy.o)
                              /tmp/cc70xeHl.o (memcpy)
/usr/lib/gcc/arm-none-eabi/6.3.1/../../../arm-none-eabi/lib/thumb/v7e-m/fpv4-sp/hard/libc_nano.a(lib_a-memmove.o)
                              /tmp/ccO6ZU8h.o (memmove)
/usr/lib/gcc/arm-none-eabi/6.3.1/../../../arm-none-eabi/lib/thumb/v7e-m/fpv4-sp/hard/libc_nano.a(lib_a-memset.o)
                              /usr/lib/gcc/arm-none-eabi/6.3.1/../../../arm-none-eabi/lib/thumb/v7e-m/fpv4-sp/hard/crt0.o (memset)
/usr/lib/gcc/arm-none-eabi/6.3.1/../../../arm-none-eabi/lib/thumb/v7e-m/fpv4-sp/hard/libc_nano.a(lib_a-nano-freer.o)
                              /usr/lib/gcc/arm-none-eabi/6.3.1/../../../arm-none-eabi/lib/thumb/v7e-m/fpv4-sp/hard/libc_nano.a(lib_a-malloc.o) (_free_r)
/usr/lib/gcc/arm-none-eabi/6.3.1/../../../arm-none-eabi/lib/thumb/v7e-m/fpv4-sp/hard/libc_nano.a(lib_a-nano-mallocr.o)
                              /usr/lib/gcc/arm-none-eabi/6.3.1/../../../arm-none-eabi/lib/thumb/v7e-m/fpv4-sp/hard/libc_nano.a(lib_a-malloc.o) (_malloc_r)
/usr/lib/gcc/arm-none-eabi/6.3.1/../../../arm-none-eabi/lib/thumb/v7e-m/fpv4-sp/hard/libc_nano.a(lib_a-sbrkr.o)
                              /usr/lib/gcc/arm-none-eabi/6.3.1/../../../arm-none-eabi/lib/thumb/v7e-m/fpv4-sp/hard/libc_nano.a(lib_a-nano-mallocr.o) (_sbrk_r)
/usr/lib/gcc/arm-none-eabi/6.3.1/../../../arm-none-eabi/lib/thumb/v7e-m/fpv4-sp/hard/libc_nano.a(lib_a-sprintf.o)
                              /tmp/ccsSVoQh.o (sprintf)
/usr/lib/gcc/arm-none-eabi/6.3.1/../../../arm-none-eabi/lib/thumb/v7e-m/fpv4-sp/hard/libc_nano.a(lib_a-strcpy.o)
                              /tmp/ccsSVoQh.o (strcpy)
/usr/lib/gcc/arm-none-eabi/6.3.1/../../../arm-none-eabi/lib/thumb/v7e-m/fpv4-sp/hard/libc_nano.a(lib_a-strlen.o)
                              /tmp/ccsSVoQh.o (strlen)
/usr/lib/gcc/arm-none-eabi/6.3.1/../../../arm-none-eabi/lib/thumb/v7e-m/fpv4-sp/hard/libc_nano.a(lib_a-strncmp.o)
                              /tmp/ccO6ZU8h.o (strncmp)
[...]
Memory Configuration

Name             Origin             Length             Attributes
m_interrupts     0x0000000000000000 0x0000000000000400 xr
m_flash_config   0x0000000000000400 0x0000000000000010 xr
m_text           0x0000000000000410 0x00000000000ffbf0 xr
m_data           0x000000001fff0000 0x0000000000010000 rw
m_data_2         0x0000000020000000 0x0000000000030000 rw
*default*        0x0000000000000000 0xffffffffffffffff

Linker script and memory map

LOAD /usr/lib/gcc/arm-none-eabi/6.3.1/thumb/v7e-m/fpv4-sp/hard/crti.o
LOAD /usr/lib/gcc/arm-none-eabi/6.3.1/thumb/v7e-m/fpv4-sp/hard/crtbegin.o
LOAD /usr/lib/gcc/arm-none-eabi/6.3.1/../../../arm-none-eabi/lib/thumb/v7e-m/fpv4-sp/hard/crt0.o
LOAD /tmp/ccJinnRA.o
LOAD /tmp/ccYMvnVx.o
LOAD /tmp/ccmrEU8u.o
LOAD /tmp/cccGtVus.o
LOAD /tmp/ccmZbr0p.o
LOAD /tmp/ccr2xbJn.o
LOAD /tmp/cc70xeHl.o
LOAD /tmp/ccSuEqOj.o
LOAD /tmp/ccqptAyi.o
LOAD /tmp/ccsQreMh.o
LOAD /tmp/cc5r2u4g.o
LOAD /tmp/ccRgE7xg.o
LOAD /tmp/ccUz6o7f.o
LOAD /tmp/ccADnpPf.o
LOAD /tmp/ccAzOx0f.o
LOAD /tmp/cck5G0wg.o
LOAD /tmp/ccsSVoQh.o
LOAD /tmp/ccP58Erj.o
LOAD /tmp/ccHOtvel.o
LOAD /tmp/ccYuZcqn.o
LOAD /tmp/ccqX7CXp.o
LOAD /tmp/ccZt1oDs.o
LOAD /tmp/cciPt9sv.o
LOAD /tmp/ccvPAeyy.o
LOAD /tmp/cc6q353B.o
LOAD /tmp/ccib2XaG.o
LOAD /tmp/ccmAgXvK.o
LOAD /tmp/ccJOMn0O.o
LOAD /tmp/ccSzkrFT.o
LOAD /tmp/ccs41rvY.o
LOAD /tmp/cctHzJu3.o
LOAD /tmp/ccEA1PG8.o
LOAD /tmp/ccZCC41d.o
LOAD /tmp/ccjnZvvj.o
LOAD /tmp/ccfiTncp.o
LOAD /tmp/ccq02Fbv.o
LOAD /tmp/cci4yiDB.o
LOAD /tmp/ccIqN8JI.o
LOAD /tmp/ccXlA00P.o
LOAD /tmp/cczQ5JuX.o
LOAD /tmp/ccxHLbj5.o
LOAD /tmp/ccOQyGgd.o
LOAD /tmp/ccuzO6rl.o
LOAD /tmp/ccn2xWJu.o
LOAD /tmp/cc2f07iE.o
LOAD /tmp/ccKVAT1N.o
LOAD /tmp/ccidQQTX.o
LOAD /tmp/ccraETU7.o
LOAD /tmp/ccO6ZU8h.o
LOAD /tmp/cc7K4uvs.o
LOAD /tmp/cc2H0S6C.o
LOAD /tmp/ccsKxQTN.o
LOAD /tmp/ccQbXjQY.o
LOAD /tmp/ccH0n6V9.o
LOAD /tmp/ccPPFMTl.o
LOAD /tmp/ccVeZHiy.o
LOAD /tmp/cc2WF5UK.o
LOAD /tmp/cck8t4GX.o
LOAD /tmp/cccTnILa.o
LOAD /tmp/ccSBBS7n.o
LOAD /tmp/ccxU5cRB.o
LOAD /tmp/ccwdryJP.o
LOAD /tmp/ccYv5FL3.o
LOAD /tmp/cckgmMWh.o
LOAD /tmp/cc18Dkgw.o
LOAD /tmp/ccYT4uIK.o
LOAD /tmp/ccdMf6jZ.o
LOAD /tmp/ccUF9E5d.o
LOAD /tmp/ccBRGh1s.o
LOAD /tmp/ccDj6z7H.o
LOAD /tmp/cclUbfvX.o
LOAD /tmp/ccenC76c.o
LOAD /tmp/ccXVCA4s.o
LOAD /tmp/ccrkHFyJ.o
LOAD /tmp/cctL5jc0.o
LOAD /tmp/ccDEVlYg.o
LOAD /tmp/ccxh9cUx.o
LOAD /tmp/ccztIRDP.o
LOAD /tmp/cctafV97.o
LOAD /tmp/ccBB9Csr.o
LOAD /tmp/ccsWcM1K.o
LOAD /tmp/cc9lNNY4.o
LOAD /tmp/ccM3Zp6o.o
LOAD /tmp/ccyCAOrJ.o
LOAD /tmp/cchnibZ3.o
LOAD /tmp/ccmNEiFo.o
LOAD /tmp/cchROkuJ.o
LOAD /tmp/ccOqhOr4.o
LOAD /tmp/cckVeWxp.o
LOAD /tmp/ccFCHuMK.o
LOAD /tmp/ccdWpE95.o
LOAD /tmp/ccfYA4Fr.o
LOAD /tmp/ccwrUamN.o
LOAD /tmp/ccFhDhb9.o
LOAD /tmp/cc6ow3av.o
LOAD /tmp/ccapPqmR.o
LOAD /tmp/cchZ0jHd.o
LOAD /tmp/ccwXuVbA.o
LOAD /tmp/ccz6kUOW.o
LOAD /tmp/ccdDohAj.o
LOAD /tmp/ccJyQpuG.o
LOAD /tmp/cc6oHgy3.o
LOAD /tmp/ccFzJ6Kq.o
LOAD /tmp/ccb6RZ6N.o
LOAD /tmp/ccNVNJBb.o
LOAD /tmp/ccObyHhz.o
LOAD /tmp/cciGY57W.o
LOAD /tmp/ccvcVT7k.o
LOAD /tmp/cc12Y6gJ.o
LOAD /tmp/ccoj93A7.o
LOAD /tmp/cc6eOE5v.o
LOAD /tmp/ccFEBjJU.o
LOAD /tmp/ccR7lcwj.o
LOAD /tmp/cc3IxCtI.o
LOAD /tmp/ccJjynz7.o
LOAD /tmp/ccOvwWJw.o
                0x0000000000000800                __stack_size__ = 0x800
                0x0000000000006400                __heap_size__ = 0x6400
START GROUP
LOAD /usr/lib/gcc/arm-none-eabi/6.3.1/thumb/v7e-m/fpv4-sp/hard/libgcc.a
LOAD /usr/lib/gcc/arm-none-eabi/6.3.1/../../../arm-none-eabi/lib/thumb/v7e-m/fpv4-sp/hard/libc_nano.a
END GROUP
START GROUP
LOAD /usr/lib/gcc/arm-none-eabi/6.3.1/thumb/v7e-m/fpv4-sp/hard/libgcc.a
LOAD /usr/lib/gcc/arm-none-eabi/6.3.1/../../../arm-none-eabi/lib/thumb/v7e-m/fpv4-sp/hard/libc_nano.a
LOAD /usr/lib/gcc/arm-none-eabi/6.3.1/../../../arm-none-eabi/lib/thumb/v7e-m/fpv4-sp/hard/libnosys.a
END GROUP
START GROUP
LOAD /usr/lib/gcc/arm-none-eabi/6.3.1/thumb/v7e-m/fpv4-sp/hard/libgcc.a
LOAD /usr/lib/gcc/arm-none-eabi/6.3.1/../../../arm-none-eabi/lib/thumb/v7e-m/fpv4-sp/hard/libc_nano.a
LOAD /usr/lib/gcc/arm-none-eabi/6.3.1/../../../arm-none-eabi/lib/thumb/v7e-m/fpv4-sp/hard/libnosys.a
END GROUP
LOAD /usr/lib/gcc/arm-none-eabi/6.3.1/thumb/v7e-m/fpv4-sp/hard/crtend.o
LOAD /usr/lib/gcc/arm-none-eabi/6.3.1/thumb/v7e-m/fpv4-sp/hard/crtn.o
                0x0000000000000400                HEAP_SIZE = DEFINED (__heap_size__)?__heap_size__:0x400
                0x0000000000000400                STACK_SIZE = DEFINED (__stack_size__)?__stack_size__:0x400

.interrupts     0x0000000000000000      0x400
                0x0000000000000000                . = ALIGN (0x4)
 *(.isr_vector)
 .isr_vector    0x0000000000000000      0x400 /tmp/ccJinnRA.o
                0x0000000000000000                __isr_vector
                0x0000000000000400                . = ALIGN (0x4)

.flash_config   0x0000000000000400       0x10
                0x0000000000000400                . = ALIGN (0x4)
 *(.FlashConfig)
 .FlashConfig   0x0000000000000400       0x10 /tmp/ccJinnRA.o
                0x0000000000000410                . = ALIGN (0x4)

.text           0x0000000000000440     0xd398
                0x0000000000000440                . = ALIGN (0x4)
 *(.text)
 .text          0x0000000000000440       0xa4 /usr/lib/gcc/arm-none-eabi/6.3.1/thumb/v7e-m/fpv4-sp/hard/crtbegin.o
 .text          0x00000000000004e4       0x68 /usr/lib/gcc/arm-none-eabi/6.3.1/../../../arm-none-eabi/lib/thumb/v7e-m/fpv4-sp/hard/crt0.o
                0x00000000000004e4                _mainCRTStartup
                0x00000000000004e4                _start
 .text          0x000000000000054c      0x1e8 /tmp/ccJinnRA.o
                0x000000000000054c                Reset_Handler
                0x0000000000000594                DebugMon_Handler
                0x0000000000000594                DMA0_DriverIRQHandler
                0x0000000000000594                DMA12_DriverIRQHandler
                0x0000000000000594                SPI1_DriverIRQHandler
                0x0000000000000594                DMA_Error_DriverIRQHandler
                0x0000000000000594                SDHC_DriverIRQHandler
                0x0000000000000594                PIT0_IRQHandler
                0x0000000000000594                CMP2_IRQHandler
                0x0000000000000594                LLWU_IRQHandler
                0x0000000000000594                I2S0_Tx_DriverIRQHandler
                0x0000000000000594                DMA6_DriverIRQHandler
                0x0000000000000594                ENET_1588_Timer_DriverIRQHandler
                0x0000000000000594                I2C2_DriverIRQHandler
                0x0000000000000594                SWI_IRQHandler
                0x0000000000000594                ADC0_IRQHandler
                0x0000000000000594                UsageFault_Handler
                0x0000000000000594                CMT_IRQHandler
                0x0000000000000594                DefaultISR
                0x0000000000000594                UART5_ERR_DriverIRQHandler
                0x0000000000000594                DMA11_DriverIRQHandler
                0x0000000000000594                CMP1_IRQHandler
                0x0000000000000594                Reserved71_IRQHandler
                0x0000000000000594                PORTD_IRQHandler
                0x0000000000000594                PORTB_IRQHandler
                0x0000000000000594                DMA10_DriverIRQHandler
                0x0000000000000594                UART2_ERR_DriverIRQHandler
                0x0000000000000594                SPI2_DriverIRQHandler
                0x0000000000000594                ADC1_IRQHandler
                0x0000000000000594                DMA5_DriverIRQHandler
                0x0000000000000594                DMA4_DriverIRQHandler
                0x0000000000000594                PIT2_IRQHandler
                0x0000000000000594                RTC_IRQHandler
                0x0000000000000594                UART3_ERR_DriverIRQHandler
                0x0000000000000594                PDB0_IRQHandler
                0x0000000000000594                FTM1_IRQHandler
                0x0000000000000594                DMA3_DriverIRQHandler
                0x0000000000000594                PIT3_IRQHandler
                0x0000000000000594                RTC_Seconds_IRQHandler
                0x0000000000000594                MCG_IRQHandler
                0x0000000000000594                FTFE_IRQHandler
                0x0000000000000594                DMA9_DriverIRQHandler
                0x0000000000000594                DMA8_DriverIRQHandler
                0x0000000000000594                UART0_ERR_DriverIRQHandler
                0x0000000000000594                Read_Collision_IRQHandler
                0x0000000000000594                DMA14_DriverIRQHandler
                0x0000000000000594                USBDCD_IRQHandler
                0x0000000000000594                I2S0_Rx_DriverIRQHandler
                0x0000000000000594                USB0_IRQHandler
                0x0000000000000594                UART4_ERR_DriverIRQHandler
                0x0000000000000594                WDOG_EWM_IRQHandler
                0x0000000000000594                MemManage_Handler
                0x0000000000000594                UART0_LON_DriverIRQHandler
                0x0000000000000594                DMA1_DriverIRQHandler
                0x0000000000000594                RNG_IRQHandler
                0x0000000000000594                I2C1_DriverIRQHandler
                0x0000000000000594                ENET_Receive_DriverIRQHandler
                0x0000000000000594                DAC0_IRQHandler
                0x0000000000000594                DMA13_DriverIRQHandler
                0x0000000000000594                ENET_Error_DriverIRQHandler
                0x0000000000000594                DMA15_DriverIRQHandler
                0x0000000000000594                SPI0_DriverIRQHandler
                0x0000000000000594                PIT1_IRQHandler
                0x0000000000000594                LVD_LVW_IRQHandler
                0x0000000000000594                FTM0_IRQHandler
                0x0000000000000594                PORTA_IRQHandler
                0x0000000000000594                DAC1_IRQHandler
                0x0000000000000594                MCM_IRQHandler
                0x0000000000000594                CAN0_DriverIRQHandler
                0x0000000000000594                FTM3_IRQHandler
                0x0000000000000594                PORTE_IRQHandler
                0x0000000000000594                FTM2_IRQHandler
                0x0000000000000594                LPTMR0_IRQHandler
                0x0000000000000594                BusFault_Handler
                0x0000000000000594                UART1_ERR_DriverIRQHandler
                0x0000000000000594                DMA2_DriverIRQHandler
                0x0000000000000594                ENET_Transmit_DriverIRQHandler
                0x0000000000000594                I2C0_DriverIRQHandler
                0x0000000000000594                DMA7_DriverIRQHandler
                0x0000000000000594                CMP0_IRQHandler
                0x0000000000000594                PORTC_IRQHandler
                0x0000000000000598                NMI_Handler
                0x000000000000059c                HardFault_Handler
                0x00000000000005ac                DMA0_IRQHandler
                0x00000000000005b0                DMA1_IRQHandler
                0x00000000000005b4                DMA2_IRQHandler
                0x00000000000005b8                DMA3_IRQHandler
                0x00000000000005bc                DMA4_IRQHandler
                0x00000000000005c0                DMA5_IRQHandler
                0x00000000000005c4                DMA6_IRQHandler
                0x00000000000005c8                DMA7_IRQHandler
                0x00000000000005cc                DMA8_IRQHandler
                0x00000000000005d0                DMA9_IRQHandler
                0x00000000000005d4                DMA10_IRQHandler
                0x00000000000005d8                DMA11_IRQHandler
                0x00000000000005dc                DMA12_IRQHandler
                0x00000000000005e0                DMA13_IRQHandler
                0x00000000000005e4                DMA14_IRQHandler
                0x00000000000005e8                DMA15_IRQHandler
                0x00000000000005ec                DMA_Error_IRQHandler
                0x00000000000005f0                I2C0_IRQHandler
                0x00000000000005f4                I2C1_IRQHandler
                0x00000000000005f8                SPI0_IRQHandler
                0x00000000000005fc                SPI1_IRQHandler
                0x0000000000000600                I2S0_Tx_IRQHandler
                0x0000000000000604                I2S0_Rx_IRQHandler
                0x0000000000000608                UART0_LON_IRQHandler
                0x000000000000060c                UART0_RX_TX_IRQHandler
                0x0000000000000610                UART0_ERR_IRQHandler
                0x0000000000000614                UART1_RX_TX_IRQHandler
                0x0000000000000618                UART1_ERR_IRQHandler
                0x000000000000061c                UART2_RX_TX_IRQHandler
                0x0000000000000620                UART2_ERR_IRQHandler
                0x0000000000000624                UART3_RX_TX_IRQHandler
                0x0000000000000628                UART3_ERR_IRQHandler
                0x000000000000062c                SPI2_IRQHandler
                0x0000000000000630                UART4_RX_TX_IRQHandler
                0x0000000000000634                UART4_ERR_IRQHandler
                0x0000000000000638                UART5_RX_TX_IRQHandler
                0x000000000000063c                UART5_ERR_IRQHandler
                0x0000000000000640                I2C2_IRQHandler
                0x0000000000000644                CAN0_ORed_Message_buffer_IRQHandler
                0x0000000000000648                CAN0_Bus_Off_IRQHandler
                0x000000000000064c                CAN0_Error_IRQHandler
                0x0000000000000650                CAN0_Tx_Warning_IRQHandler
                0x0000000000000654                CAN0_Rx_Warning_IRQHandler
                0x0000000000000658                CAN0_Wake_Up_IRQHandler
                0x000000000000065c                SDHC_IRQHandler
 .text          0x0000000000000734       0xa0 /usr/lib/gcc/arm-none-eabi/6.3.1/thumb/v7e-m/fpv4-sp/hard/libgcc.a(_aeabi_ldivmod.o)
                0x0000000000000734                __aeabi_ldivmod
 .text          0x00000000000007d4       0x30 /usr/lib/gcc/arm-none-eabi/6.3.1/thumb/v7e-m/fpv4-sp/hard/libgcc.a(_aeabi_uldivmod.o)
                0x00000000000007d4                __aeabi_uldivmod
 .text          0x0000000000000804      0x2dc /usr/lib/gcc/arm-none-eabi/6.3.1/thumb/v7e-m/fpv4-sp/hard/libgcc.a(_udivmoddi4.o)
                0x0000000000000804                __udivmoddi4
 .text          0x0000000000000ae0        0x4 /usr/lib/gcc/arm-none-eabi/6.3.1/thumb/v7e-m/fpv4-sp/hard/libgcc.a(_dvmd_tls.o)
                0x0000000000000ae0                __aeabi_ldiv0
                0x0000000000000ae0                __aeabi_idiv0
 .text          0x0000000000000ae4        0xc /usr/lib/gcc/arm-none-eabi/6.3.1/../../../arm-none-eabi/lib/thumb/v7e-m/fpv4-sp/hard/libc_nano.a(lib_a-atexit.o)
                0x0000000000000ae4                atexit
 .text          0x0000000000000af0        0xc /usr/lib/gcc/arm-none-eabi/6.3.1/../../../arm-none-eabi/lib/thumb/v7e-m/fpv4-sp/hard/libc_nano.a(lib_a-errno.o)
                0x0000000000000af0                __errno
 .text          0x0000000000000afc       0x28 /usr/lib/gcc/arm-none-eabi/6.3.1/../../../arm-none-eabi/lib/thumb/v7e-m/fpv4-sp/hard/libc_nano.a(lib_a-exit.o)
                0x0000000000000afc                exit
 .text          0x0000000000000b24       0x34 /usr/lib/gcc/arm-none-eabi/6.3.1/../../../arm-none-eabi/lib/thumb/v7e-m/fpv4-sp/hard/libc_nano.a(lib_a-fini.o)
                0x0000000000000b24                __libc_fini_array
 .text          0x0000000000000b58       0x50 /usr/lib/gcc/arm-none-eabi/6.3.1/../../../arm-none-eabi/lib/thumb/v7e-m/fpv4-sp/hard/libc_nano.a(lib_a-init.o)
                0x0000000000000b58                __libc_init_array
 .text          0x0000000000000ba8       0x20 /usr/lib/gcc/arm-none-eabi/6.3.1/../../../arm-none-eabi/lib/thumb/v7e-m/fpv4-sp/hard/libc_nano.a(lib_a-malloc.o)
                0x0000000000000ba8                malloc
                0x0000000000000bb8                free
 .text          0x0000000000000bc8       0x60 /usr/lib/gcc/arm-none-eabi/6.3.1/../../../arm-none-eabi/lib/thumb/v7e-m/fpv4-sp/hard/libc_nano.a(lib_a-memcmp.o)
                0x0000000000000bc8                memcmp
 .text          0x0000000000000c28      0x134 /usr/lib/gcc/arm-none-eabi/6.3.1/../../../arm-none-eabi/lib/thumb/v7e-m/fpv4-sp/hard/libc_nano.a(lib_a-memcpy.o)
                0x0000000000000c28                memcpy
 .text          0x0000000000000d5c       0x9c /usr/lib/gcc/arm-none-eabi/6.3.1/../../../arm-none-eabi/lib/thumb/v7e-m/fpv4-sp/hard/libc_nano.a(lib_a-memset.o)
                0x0000000000000d5c                memset
 .text          0x0000000000000df8       0x90 /usr/lib/gcc/arm-none-eabi/6.3.1/../../../arm-none-eabi/lib/thumb/v7e-m/fpv4-sp/hard/libc_nano.a(lib_a-nano-freer.o)
                0x0000000000000df8                _free_r
 .text          0x0000000000000e88       0xbc /usr/lib/gcc/arm-none-eabi/6.3.1/../../../arm-none-eabi/lib/thumb/v7e-m/fpv4-sp/hard/libc_nano.a(lib_a-nano-mallocr.o)
                0x0000000000000e88                _malloc_r
 .text          0x0000000000000f44       0x24 /usr/lib/gcc/arm-none-eabi/6.3.1/../../../arm-none-eabi/lib/thumb/v7e-m/fpv4-sp/hard/libc_nano.a(lib_a-sbrkr.o)
                0x0000000000000f44                _sbrk_r
 *fill*         0x0000000000000f68       0x18 
 .text          0x0000000000000f80       0xdc /usr/lib/gcc/arm-none-eabi/6.3.1/../../../arm-none-eabi/lib/thumb/v7e-m/fpv4-sp/hard/libc_nano.a(lib_a-strlen.o)
                0x0000000000000f80                strlen
 .text          0x000000000000105c       0xd0 /usr/lib/gcc/arm-none-eabi/6.3.1/../../../arm-none-eabi/lib/thumb/v7e-m/fpv4-sp/hard/libc_nano.a(lib_a-__atexit.o)
                0x000000000000105c                __register_exitproc
 .text          0x000000000000112c       0xf4 /usr/lib/gcc/arm-none-eabi/6.3.1/../../../arm-none-eabi/lib/thumb/v7e-m/fpv4-sp/hard/libc_nano.a(lib_a-__call_atexit.o)
                0x000000000000112c                __call_exitprocs
 .text          0x0000000000001220        0x4 /usr/lib/gcc/arm-none-eabi/6.3.1/../../../arm-none-eabi/lib/thumb/v7e-m/fpv4-sp/hard/libnosys.a(_exit.o)
                0x0000000000001220                _exit
 *(.text*)
 .text.blinky_task
                0x0000000000001224       0x30 /tmp/ccYMvnVx.o
                0x0000000000001224                blinky_task
 .text.print_dhcp_state
                0x0000000000001254      0x108 /tmp/ccYMvnVx.o
 .text.init_gpio
                0x000000000000135c       0x40 /tmp/ccYMvnVx.o
                0x000000000000135c                init_gpio
 .text.init_sclk_pin
                0x000000000000139c       0x2c /tmp/ccYMvnVx.o
                0x000000000000139c                init_sclk_pin
 .text.dhcp_init
                0x00000000000013c8       0xc8 /tmp/ccYMvnVx.o
                0x00000000000013c8                dhcp_init
 .text.startup.main
                0x0000000000001490       0x60 /tmp/ccYMvnVx.o
                0x0000000000001490                main
 .text.BOARD_InitPins
                0x00000000000014f0      0x160 /tmp/ccmrEU8u.o
                0x00000000000014f0                BOARD_InitPins
 .text.BOARD_InitDebugConsole
                0x0000000000001650       0x18 /tmp/cccGtVus.o
                0x0000000000001650                BOARD_InitDebugConsole
 .text.BOARD_BootClockRUN
                0x0000000000001668       0x6c /tmp/ccmZbr0p.o
                0x0000000000001668                BOARD_BootClockRUN
 .text.PHY_Write
                0x00000000000016d4       0x34 /tmp/ccr2xbJn.o
                0x00000000000016d4                PHY_Write
 .text.PHY_Read
                0x0000000000001708       0x38 /tmp/ccr2xbJn.o
                0x0000000000001708                PHY_Read
 .text.PHY_Init
                0x0000000000001740       0xec /tmp/ccr2xbJn.o
                0x0000000000001740                PHY_Init
 .text.PHY_GetLinkStatus
                0x000000000000182c       0x1e /tmp/ccr2xbJn.o
                0x000000000000182c                PHY_GetLinkStatus
 .text.PHY_GetLinkSpeedDuplex
                0x000000000000184a       0x36 /tmp/ccr2xbJn.o
                0x000000000000184a                PHY_GetLinkSpeedDuplex
 .text.ethernet_callback
                0x0000000000001880       0x58 /tmp/cc70xeHl.o
 .text.ethernetif_enet_init
                0x00000000000018d8       0xb8 /tmp/cc70xeHl.o
                0x00000000000018d8                ethernetif_enet_init
 .text.ethernetif_enet_ptr
                0x0000000000001990        0x2 /tmp/cc70xeHl.o
                0x0000000000001990                ethernetif_enet_ptr
 .text.ethernetif_linkinput
                0x0000000000001992       0x88 /tmp/cc70xeHl.o
                0x0000000000001992                ethernetif_linkinput
 *fill*         0x0000000000001a1a        0x2 
 .text.ethernetif_linkoutput
                0x0000000000001a1c       0x84 /tmp/cc70xeHl.o
                0x0000000000001a1c                ethernetif_linkoutput
 .text.ethernetif0_init
                0x0000000000001aa0       0x30 /tmp/cc70xeHl.o
                0x0000000000001aa0                ethernetif0_init
 .text.CLOCK_GetMcgExtClkFreq
                0x0000000000001ad0       0x34 /tmp/ccqptAyi.o
 .text.CLOCK_GetFllExtRefClkFreq
                0x0000000000001b04       0x44 /tmp/ccqptAyi.o
 .text.CLOCK_GetInternalRefClkSelectFreq
                0x0000000000001b48       0x28 /tmp/ccqptAyi.o
 .text.CLOCK_GetOsc0ErClkFreq
                0x0000000000001b70       0x18 /tmp/ccqptAyi.o
                0x0000000000001b70                CLOCK_GetOsc0ErClkFreq
 .text.CLOCK_GetEr32kClkFreq
                0x0000000000001b88       0x3c /tmp/ccqptAyi.o
                0x0000000000001b88                CLOCK_GetEr32kClkFreq
 .text.CLOCK_SetSimConfig
                0x0000000000001bc4       0x3c /tmp/ccqptAyi.o
                0x0000000000001bc4                CLOCK_SetSimConfig
 .text.CLOCK_GetFllFreq
                0x0000000000001c00       0x50 /tmp/ccqptAyi.o
                0x0000000000001c00                CLOCK_GetFllFreq
 .text.CLOCK_GetInternalRefClkFreq
                0x0000000000001c50       0x14 /tmp/ccqptAyi.o
                0x0000000000001c50                CLOCK_GetInternalRefClkFreq
 .text.CLOCK_GetPll0Freq
                0x0000000000001c64       0x2c /tmp/ccqptAyi.o
                0x0000000000001c64                CLOCK_GetPll0Freq
 .text.CLOCK_GetPllFllSelClkFreq
                0x0000000000001c90       0x2c /tmp/ccqptAyi.o
                0x0000000000001c90                CLOCK_GetPllFllSelClkFreq
 .text.CLOCK_GetOutClkFreq
                0x0000000000001cbc       0x28 /tmp/ccqptAyi.o
                0x0000000000001cbc                CLOCK_GetOutClkFreq
 .text.CLOCK_GetCoreSysClkFreq
                0x0000000000001ce4       0x1c /tmp/ccqptAyi.o
                0x0000000000001ce4                CLOCK_GetCoreSysClkFreq
 .text.CLOCK_GetFixedFreqClkFreq
                0x0000000000001d00       0x30 /tmp/ccqptAyi.o
                0x0000000000001d00                CLOCK_GetFixedFreqClkFreq
 .text.CLOCK_GetFreq
                0x0000000000001d30       0xb8 /tmp/ccqptAyi.o
                0x0000000000001d30                CLOCK_GetFreq
 .text.CLOCK_SetExternalRefClkConfig
                0x0000000000001de8       0x30 /tmp/ccqptAyi.o
                0x0000000000001de8                CLOCK_SetExternalRefClkConfig
 .text.CLOCK_SetInternalRefClkConfig
                0x0000000000001e18       0x80 /tmp/ccqptAyi.o
                0x0000000000001e18                CLOCK_SetInternalRefClkConfig
 .text.CLOCK_EnablePll0
                0x0000000000001e98       0x34 /tmp/ccqptAyi.o
                0x0000000000001e98                CLOCK_EnablePll0
 .text.CLOCK_InitOsc0
                0x0000000000001ecc       0x64 /tmp/ccqptAyi.o
                0x0000000000001ecc                CLOCK_InitOsc0
 .text.CLOCK_SetPbeMode
                0x0000000000001f30       0x50 /tmp/ccqptAyi.o
                0x0000000000001f30                CLOCK_SetPbeMode
 .text.CLOCK_BootToPeeMode
                0x0000000000001f80       0x30 /tmp/ccqptAyi.o
                0x0000000000001f80                CLOCK_BootToPeeMode
 .text.ENET_TransmitIRQHandler
                0x0000000000001fb0       0x28 /tmp/ccsQreMh.o
                0x0000000000001fb0                ENET_TransmitIRQHandler
 .text.ENET_ReceiveIRQHandler
                0x0000000000001fd8       0x28 /tmp/ccsQreMh.o
                0x0000000000001fd8                ENET_ReceiveIRQHandler
 .text.ENET_ErrorIRQHandler
                0x0000000000002000       0x42 /tmp/ccsQreMh.o
                0x0000000000002000                ENET_ErrorIRQHandler
 .text.ENET_UpdateReadBuffers.constprop.3
                0x0000000000002042       0x30 /tmp/ccsQreMh.o
 *fill*         0x0000000000002072        0x2 
 .text.ENET_GetInstance
                0x0000000000002074       0x10 /tmp/ccsQreMh.o
                0x0000000000002074                ENET_GetInstance
 .text.ENET_GetDefaultConfig
                0x0000000000002084       0x1e /tmp/ccsQreMh.o
                0x0000000000002084                ENET_GetDefaultConfig
 .text.ENET_SetCallback
                0x00000000000020a2        0x6 /tmp/ccsQreMh.o
                0x00000000000020a2                ENET_SetCallback
 .text.ENET_SetMacAddr
                0x00000000000020a8       0x28 /tmp/ccsQreMh.o
                0x00000000000020a8                ENET_SetMacAddr
 .text.ENET_SetSMI
                0x00000000000020d0       0x40 /tmp/ccsQreMh.o
                0x00000000000020d0                ENET_SetSMI
 .text.ENET_Init
                0x0000000000002110      0x334 /tmp/ccsQreMh.o
                0x0000000000002110                ENET_Init
 .text.ENET_StartSMIWrite
                0x0000000000002444       0x2a /tmp/ccsQreMh.o
                0x0000000000002444                ENET_StartSMIWrite
 .text.ENET_StartSMIRead
                0x000000000000246e       0x22 /tmp/ccsQreMh.o
                0x000000000000246e                ENET_StartSMIRead
 .text.ENET_GetRxFrameSize
                0x0000000000002490       0x58 /tmp/ccsQreMh.o
                0x0000000000002490                ENET_GetRxFrameSize
 .text.ENET_ReadFrame
                0x00000000000024e8       0x9a /tmp/ccsQreMh.o
                0x00000000000024e8                ENET_ReadFrame
 .text.ENET_SendFrame
                0x0000000000002582       0xe0 /tmp/ccsQreMh.o
                0x0000000000002582                ENET_SendFrame
 *fill*         0x0000000000002662        0x2 
 .text.ENET_Transmit_IRQHandler
                0x0000000000002664       0x20 /tmp/ccsQreMh.o
                0x0000000000002664                ENET_Transmit_IRQHandler
 .text.ENET_Receive_IRQHandler
                0x0000000000002684       0x20 /tmp/ccsQreMh.o
                0x0000000000002684                ENET_Receive_IRQHandler
 .text.ENET_Error_IRQHandler
                0x00000000000026a4       0x20 /tmp/ccsQreMh.o
                0x00000000000026a4                ENET_Error_IRQHandler
 .text.ENET_1588_Timer_IRQHandler
                0x00000000000026c4       0x1c /tmp/ccsQreMh.o
                0x00000000000026c4                ENET_1588_Timer_IRQHandler
 .text.pvPortMalloc
                0x00000000000026e0       0x18 /tmp/cc5r2u4g.o
                0x00000000000026e0                pvPortMalloc
 .text.vPortFree
                0x00000000000026f8       0x1a /tmp/cc5r2u4g.o
                0x00000000000026f8                vPortFree
 .text.xEventGroupCreate
                0x0000000000002712       0x1a /tmp/ccRgE7xg.o
                0x0000000000002712                xEventGroupCreate
 .text.xEventGroupWaitBits
                0x000000000000272c      0x114 /tmp/ccRgE7xg.o
                0x000000000000272c                xEventGroupWaitBits
 .text.xEventGroupSetBits
                0x0000000000002840       0x82 /tmp/ccRgE7xg.o
                0x0000000000002840                xEventGroupSetBits
 .text.vEventGroupSetBitsCallback
                0x00000000000028c2        0x4 /tmp/ccRgE7xg.o
                0x00000000000028c2                vEventGroupSetBitsCallback
 *fill*         0x00000000000028c6        0x2 
 .text.xEventGroupSetBitsFromISR
                0x00000000000028c8       0x10 /tmp/ccRgE7xg.o
                0x00000000000028c8                xEventGroupSetBitsFromISR
 .text.vListInitialise
                0x00000000000028d8       0x16 /tmp/ccUz6o7f.o
                0x00000000000028d8                vListInitialise
 .text.vListInitialiseItem
                0x00000000000028ee        0x6 /tmp/ccUz6o7f.o
                0x00000000000028ee                vListInitialiseItem
 .text.vListInsertEnd
                0x00000000000028f4       0x18 /tmp/ccUz6o7f.o
                0x00000000000028f4                vListInsertEnd
 .text.vListInsert
                0x000000000000290c       0x2e /tmp/ccUz6o7f.o
                0x000000000000290c                vListInsert
 .text.uxListRemove
                0x000000000000293a       0x22 /tmp/ccUz6o7f.o
                0x000000000000293a                uxListRemove
 .text.prvTaskExitError
                0x000000000000295c       0x40 /tmp/ccADnpPf.o
 .text.unlikely.prvPortStartFirstTask
                0x000000000000299c       0x28 /tmp/ccADnpPf.o
 .text.unlikely.vPortEnableVFP
                0x00000000000029c4       0x14 /tmp/ccADnpPf.o
 .text.pxPortInitialiseStack
                0x00000000000029d8       0x2c /tmp/ccADnpPf.o
                0x00000000000029d8                pxPortInitialiseStack
 *fill*         0x0000000000002a04        0xc 
 .text.SVC_Handler
                0x0000000000002a10       0x24 /tmp/ccADnpPf.o
                0x0000000000002a10                SVC_Handler
 .text.vPortEnterCritical
                0x0000000000002a34       0x44 /tmp/ccADnpPf.o
                0x0000000000002a34                vPortEnterCritical
 .text.vPortExitCritical
                0x0000000000002a78       0x28 /tmp/ccADnpPf.o
                0x0000000000002a78                vPortExitCritical
 .text.PendSV_Handler
                0x0000000000002aa0       0x64 /tmp/ccADnpPf.o
                0x0000000000002aa0                PendSV_Handler
 .text.SysTick_Handler
                0x0000000000002b04       0x2c /tmp/ccADnpPf.o
                0x0000000000002b04                SysTick_Handler
 .text.vPortSetupTimerInterrupt
                0x0000000000002b30       0x34 /tmp/ccADnpPf.o
                0x0000000000002b30                vPortSetupTimerInterrupt
 .text.xPortStartScheduler
                0x0000000000002b64      0x10c /tmp/ccADnpPf.o
                0x0000000000002b64                xPortStartScheduler
 .text.vPortValidateInterruptPriority
                0x0000000000002c70       0x5c /tmp/ccADnpPf.o
                0x0000000000002c70                vPortValidateInterruptPriority
 .text.prvIsQueueEmpty
                0x0000000000002ccc       0x16 /tmp/ccAzOx0f.o
 .text.unlikely.prvCopyDataToQueue
                0x0000000000002ce2       0x66 /tmp/ccAzOx0f.o
 .text.unlikely.prvCopyDataFromQueue
                0x0000000000002d48       0x2a /tmp/ccAzOx0f.o
 .text.prvUnlockQueue
                0x0000000000002d72       0x70 /tmp/ccAzOx0f.o
 *fill*         0x0000000000002de2        0x2 
 .text.xQueueGenericReset
                0x0000000000002de4       0x80 /tmp/ccAzOx0f.o
                0x0000000000002de4                xQueueGenericReset
 .text.xQueueGenericCreate
                0x0000000000002e64       0x48 /tmp/ccAzOx0f.o
                0x0000000000002e64                xQueueGenericCreate
 .text.xQueueCreateCountingSemaphore
                0x0000000000002eac       0x3c /tmp/ccAzOx0f.o
                0x0000000000002eac                xQueueCreateCountingSemaphore
 .text.xQueueGenericSend
                0x0000000000002ee8      0x16c /tmp/ccAzOx0f.o
                0x0000000000002ee8                xQueueGenericSend
 .text.xQueueCreateMutex
                0x0000000000003054       0x24 /tmp/ccAzOx0f.o
                0x0000000000003054                xQueueCreateMutex
 .text.xQueueGenericSendFromISR
                0x0000000000003078       0xc4 /tmp/ccAzOx0f.o
                0x0000000000003078                xQueueGenericSendFromISR
 .text.xQueueReceive
                0x000000000000313c      0x148 /tmp/ccAzOx0f.o
                0x000000000000313c                xQueueReceive
 .text.xQueueSemaphoreTake
                0x0000000000003284      0x180 /tmp/ccAzOx0f.o
                0x0000000000003284                xQueueSemaphoreTake
 .text.vQueueAddToRegistry
                0x0000000000003404       0x24 /tmp/ccAzOx0f.o
                0x0000000000003404                vQueueAddToRegistry
 .text.vQueueUnregisterQueue
                0x0000000000003428       0x28 /tmp/ccAzOx0f.o
                0x0000000000003428                vQueueUnregisterQueue
 .text.vQueueDelete
                0x0000000000003450       0x26 /tmp/ccAzOx0f.o
                0x0000000000003450                vQueueDelete
 .text.vQueueWaitForMessageRestricted
                0x0000000000003476       0x46 /tmp/ccAzOx0f.o
                0x0000000000003476                vQueueWaitForMessageRestricted
 .text.prvResetNextTaskUnblockTime
                0x00000000000034bc       0x24 /tmp/ccsSVoQh.o
 .text.prvAddCurrentTaskToDelayedList
                0x00000000000034e0       0x8c /tmp/ccsSVoQh.o
 .text.prvIdleTask
                0x000000000000356c       0x6c /tmp/ccsSVoQh.o
 .text.xTaskCreate
                0x00000000000035d8      0x1c0 /tmp/ccsSVoQh.o
                0x00000000000035d8                xTaskCreate
 .text.vTaskDelete
                0x0000000000003798       0xd8 /tmp/ccsSVoQh.o
                0x0000000000003798                vTaskDelete
 .text.vTaskStartScheduler
                0x0000000000003870       0x80 /tmp/ccsSVoQh.o
                0x0000000000003870                vTaskStartScheduler
 .text.vTaskSuspendAll
                0x00000000000038f0       0x10 /tmp/ccsSVoQh.o
                0x00000000000038f0                vTaskSuspendAll
 .text.xTaskGetTickCount
                0x0000000000003900        0xc /tmp/ccsSVoQh.o
                0x0000000000003900                xTaskGetTickCount
 .text.xTaskIncrementTick
                0x000000000000390c      0x104 /tmp/ccsSVoQh.o
                0x000000000000390c                xTaskIncrementTick
 .text.xTaskResumeAll
                0x0000000000003a10       0xf0 /tmp/ccsSVoQh.o
                0x0000000000003a10                xTaskResumeAll
 .text.vTaskDelay
                0x0000000000003b00       0x48 /tmp/ccsSVoQh.o
                0x0000000000003b00                vTaskDelay
 .text.vTaskSwitchContext
                0x0000000000003b48       0x74 /tmp/ccsSVoQh.o
                0x0000000000003b48                vTaskSwitchContext
 .text.vTaskPlaceOnEventList
                0x0000000000003bbc       0x34 /tmp/ccsSVoQh.o
                0x0000000000003bbc                vTaskPlaceOnEventList
 .text.vTaskPlaceOnUnorderedEventList
                0x0000000000003bf0       0x58 /tmp/ccsSVoQh.o
                0x0000000000003bf0                vTaskPlaceOnUnorderedEventList
 .text.vTaskPlaceOnEventListRestricted
                0x0000000000003c48       0x3c /tmp/ccsSVoQh.o
                0x0000000000003c48                vTaskPlaceOnEventListRestricted
 .text.xTaskRemoveFromEventList
                0x0000000000003c84       0x84 /tmp/ccsSVoQh.o
                0x0000000000003c84                xTaskRemoveFromEventList
 .text.vTaskRemoveFromUnorderedEventList
                0x0000000000003d08       0x88 /tmp/ccsSVoQh.o
                0x0000000000003d08                vTaskRemoveFromUnorderedEventList
 .text.vTaskInternalSetTimeOutState
                0x0000000000003d90       0x18 /tmp/ccsSVoQh.o
                0x0000000000003d90                vTaskInternalSetTimeOutState
 .text.xTaskCheckForTimeOut
                0x0000000000003da8       0x78 /tmp/ccsSVoQh.o
                0x0000000000003da8                xTaskCheckForTimeOut
 .text.vTaskMissedYield
                0x0000000000003e20        0xc /tmp/ccsSVoQh.o
                0x0000000000003e20                vTaskMissedYield
 .text.xTaskGetSchedulerState
                0x0000000000003e2c       0x20 /tmp/ccsSVoQh.o
                0x0000000000003e2c                xTaskGetSchedulerState
 .text.xTaskPriorityInherit
                0x0000000000003e4c       0xa8 /tmp/ccsSVoQh.o
                0x0000000000003e4c                xTaskPriorityInherit
 .text.xTaskPriorityDisinherit
                0x0000000000003ef4       0xa0 /tmp/ccsSVoQh.o
                0x0000000000003ef4                xTaskPriorityDisinherit
 .text.vTaskPriorityDisinheritAfterTimeout
                0x0000000000003f94       0xb4 /tmp/ccsSVoQh.o
                0x0000000000003f94                vTaskPriorityDisinheritAfterTimeout
 .text.uxTaskResetEventItemValue
                0x0000000000004048       0x18 /tmp/ccsSVoQh.o
                0x0000000000004048                uxTaskResetEventItemValue
 .text.pvTaskIncrementMutexHeldCount
                0x0000000000004060       0x18 /tmp/ccsSVoQh.o
                0x0000000000004060                pvTaskIncrementMutexHeldCount
 .text.prvCheckForValidListAndQueue
                0x0000000000004078       0x58 /tmp/ccP58Erj.o
 .text.prvInsertTimerInActiveList
                0x00000000000040d0       0x3c /tmp/ccP58Erj.o
 .text.xTimerCreateTimerTask
                0x000000000000410c       0x4c /tmp/ccP58Erj.o
                0x000000000000410c                xTimerCreateTimerTask
 .text.xTimerGenericCommand
                0x0000000000004158       0x58 /tmp/ccP58Erj.o
                0x0000000000004158                xTimerGenericCommand
 .text.prvSwitchTimerLists
                0x00000000000041b0       0x80 /tmp/ccP58Erj.o
 .text.prvTimerTask
                0x0000000000004230      0x210 /tmp/ccP58Erj.o
 .text.xTimerPendFunctionCallFromISR
                0x0000000000004440       0x28 /tmp/ccP58Erj.o
                0x0000000000004440                xTimerPendFunctionCallFromISR
 .text.DbgConsole_SendDataReliable
                0x0000000000004468       0x20 /tmp/ccvPAeyy.o
                0x0000000000004468                DbgConsole_SendDataReliable
 .text.DbgConsole_PrintCallback
                0x0000000000004488       0x3a /tmp/ccvPAeyy.o
 *fill*         0x00000000000044c2        0x2 
 .text.DbgConsole_Init
                0x00000000000044c4       0x70 /tmp/ccvPAeyy.o
                0x00000000000044c4                DbgConsole_Init
 .text.DbgConsole_Printf
                0x0000000000004534       0x40 /tmp/ccvPAeyy.o
                0x0000000000004534                DbgConsole_Printf
 .text.StrFormatPrintf
                0x0000000000004574      0x5ac /tmp/cc6q353B.o
                0x0000000000004574                StrFormatPrintf
 .text.UART_GetInstance
                0x0000000000004b20       0x1c /tmp/ccib2XaG.o
                0x0000000000004b20                UART_GetInstance
 .text.UART_Init
                0x0000000000004b3c      0x108 /tmp/ccib2XaG.o
                0x0000000000004b3c                UART_Init
 .text.UART_GetDefaultConfig
                0x0000000000004c44       0x2a /tmp/ccib2XaG.o
                0x0000000000004c44                UART_GetDefaultConfig
 .text.UART_WriteBlocking
                0x0000000000004c6e       0x16 /tmp/ccib2XaG.o
                0x0000000000004c6e                UART_WriteBlocking
 .text.UART0_DriverIRQHandler
                0x0000000000004c84       0x20 /tmp/ccib2XaG.o
                0x0000000000004c84                UART0_DriverIRQHandler
 .text.UART0_RX_TX_DriverIRQHandler
                0x0000000000004ca4        0xc /tmp/ccib2XaG.o
                0x0000000000004ca4                UART0_RX_TX_DriverIRQHandler
 .text.UART1_DriverIRQHandler
                0x0000000000004cb0       0x20 /tmp/ccib2XaG.o
                0x0000000000004cb0                UART1_DriverIRQHandler
 .text.UART1_RX_TX_DriverIRQHandler
                0x0000000000004cd0        0xc /tmp/ccib2XaG.o
                0x0000000000004cd0                UART1_RX_TX_DriverIRQHandler
 .text.UART2_DriverIRQHandler
                0x0000000000004cdc       0x20 /tmp/ccib2XaG.o
                0x0000000000004cdc                UART2_DriverIRQHandler
 .text.UART2_RX_TX_DriverIRQHandler
                0x0000000000004cfc        0xc /tmp/ccib2XaG.o
                0x0000000000004cfc                UART2_RX_TX_DriverIRQHandler
 .text.UART3_DriverIRQHandler
                0x0000000000004d08       0x20 /tmp/ccib2XaG.o
                0x0000000000004d08                UART3_DriverIRQHandler
 .text.UART3_RX_TX_DriverIRQHandler
                0x0000000000004d28        0xc /tmp/ccib2XaG.o
                0x0000000000004d28                UART3_RX_TX_DriverIRQHandler
 .text.UART4_DriverIRQHandler
                0x0000000000004d34       0x20 /tmp/ccib2XaG.o
                0x0000000000004d34                UART4_DriverIRQHandler
 .text.UART4_RX_TX_DriverIRQHandler
                0x0000000000004d54        0xc /tmp/ccib2XaG.o
                0x0000000000004d54                UART4_RX_TX_DriverIRQHandler
 .text.UART5_DriverIRQHandler
                0x0000000000004d60       0x20 /tmp/ccib2XaG.o
                0x0000000000004d60                UART5_DriverIRQHandler
 .text.UART5_RX_TX_DriverIRQHandler
                0x0000000000004d80        0xc /tmp/ccib2XaG.o
                0x0000000000004d80                UART5_RX_TX_DriverIRQHandler
 .text.SystemInitHook
                0x0000000000004d8c        0x2 /tmp/ccJOMn0O.o
                0x0000000000004d8c                SystemInitHook
 *fill*         0x0000000000004d8e        0x2 
 .text.SystemInit
                0x0000000000004d90       0x34 /tmp/ccJOMn0O.o
                0x0000000000004d90                SystemInit
 .text.HAL_UartInit
                0x0000000000004dc4       0x7c /tmp/ccSzkrFT.o
                0x0000000000004dc4                HAL_UartInit
 .text.HAL_UartSendBlocking
                0x0000000000004e40       0x18 /tmp/ccSzkrFT.o
                0x0000000000004e40                HAL_UartSendBlocking
 .text.SerialManager_Init
                0x0000000000004e58       0x2a /tmp/ccs41rvY.o
                0x0000000000004e58                SerialManager_Init
 .text.SerialManager_OpenWriteHandle
                0x0000000000004e82       0x1c /tmp/ccs41rvY.o
                0x0000000000004e82                SerialManager_OpenWriteHandle
 .text.SerialManager_OpenReadHandle
                0x0000000000004e9e       0x22 /tmp/ccs41rvY.o
                0x0000000000004e9e                SerialManager_OpenReadHandle
 .text.SerialManager_WriteBlocking
                0x0000000000004ec0       0x14 /tmp/ccs41rvY.o
                0x0000000000004ec0                SerialManager_WriteBlocking
 .text.Serial_UartInit
                0x0000000000004ed4       0x3e /tmp/cctHzJu3.o
                0x0000000000004ed4                Serial_UartInit
 .text.Serial_UartWrite
                0x0000000000004f12        0x4 /tmp/cctHzJu3.o
                0x0000000000004f12                Serial_UartWrite
 *fill*         0x0000000000004f16        0x2 
 .text.ethernetif_phy_init
                0x0000000000004f18       0xc0 /tmp/ccfiTncp.o
                0x0000000000004f18                ethernetif_phy_init
 .text.ethernetif_input
                0x0000000000004fd8       0x30 /tmp/ccfiTncp.o
                0x0000000000004fd8                ethernetif_input
 .text.ethernetif_init
                0x0000000000005008       0x98 /tmp/ccfiTncp.o
                0x0000000000005008                ethernetif_init
 .text.sys_assert
                0x00000000000050a0       0x18 /tmp/ccq02Fbv.o
                0x00000000000050a0                sys_assert
 .text.sys_mbox_new
                0x00000000000050b8       0x1a /tmp/ccq02Fbv.o
                0x00000000000050b8                sys_mbox_new
 *fill*         0x00000000000050d2        0x2 
 .text.sys_mbox_trypost
                0x00000000000050d4       0x5c /tmp/ccq02Fbv.o
                0x00000000000050d4                sys_mbox_trypost
 .text.sys_arch_mbox_fetch
                0x0000000000005130       0x52 /tmp/ccq02Fbv.o
                0x0000000000005130                sys_arch_mbox_fetch
 .text.sys_sem_new
                0x0000000000005182       0x44 /tmp/ccq02Fbv.o
                0x0000000000005182                sys_sem_new
 .text.sys_arch_sem_wait
                0x00000000000051c6       0x42 /tmp/ccq02Fbv.o
                0x00000000000051c6                sys_arch_sem_wait
 .text.sys_mutex_new
                0x0000000000005208       0x16 /tmp/ccq02Fbv.o
                0x0000000000005208                sys_mutex_new
 .text.sys_mutex_lock
                0x000000000000521e       0x14 /tmp/ccq02Fbv.o
                0x000000000000521e                sys_mutex_lock
 .text.sys_sem_signal
                0x0000000000005232        0xc /tmp/ccq02Fbv.o
                0x0000000000005232                sys_sem_signal
 .text.sys_mutex_unlock
                0x000000000000523e        0x4 /tmp/ccq02Fbv.o
                0x000000000000523e                sys_mutex_unlock
 .text.sys_sem_free
                0x0000000000005242        0x6 /tmp/ccq02Fbv.o
                0x0000000000005242                sys_sem_free
 .text.sys_init
                0x0000000000005248        0x2 /tmp/ccq02Fbv.o
                0x0000000000005248                sys_init
 .text.sys_now  0x000000000000524a        0x4 /tmp/ccq02Fbv.o
                0x000000000000524a                sys_now
 .text.sys_thread_new
                0x000000000000524e       0x26 /tmp/ccq02Fbv.o
                0x000000000000524e                sys_thread_new
 .text.sys_arch_protect
                0x0000000000005274       0x26 /tmp/ccq02Fbv.o
                0x0000000000005274                sys_arch_protect
 .text.sys_arch_unprotect
                0x000000000000529a       0x10 /tmp/ccq02Fbv.o
                0x000000000000529a                sys_arch_unprotect
 .text.netifapi_do_netif_add
                0x00000000000052aa       0x26 /tmp/ccuzO6rl.o
 .text.netifapi_do_netif_common
                0x00000000000052d0       0x1a /tmp/ccuzO6rl.o
 *fill*         0x00000000000052ea        0x2 
 .text.netifapi_netif_add
                0x00000000000052ec       0x40 /tmp/ccuzO6rl.o
                0x00000000000052ec                netifapi_netif_add
 .text.netifapi_netif_common
                0x000000000000532c       0x1c /tmp/ccuzO6rl.o
                0x000000000000532c                netifapi_netif_common
 .text.tcpip_thread
                0x0000000000005348       0xb8 /tmp/cc2f07iE.o
 .text.tcpip_inpkt
                0x0000000000005400       0x48 /tmp/cc2f07iE.o
                0x0000000000005400                tcpip_inpkt
 .text.tcpip_input
                0x0000000000005448       0x1c /tmp/cc2f07iE.o
                0x0000000000005448                tcpip_input
 .text.tcpip_api_call
                0x0000000000005464       0x24 /tmp/cc2f07iE.o
                0x0000000000005464                tcpip_api_call
 .text.tcpip_init
                0x0000000000005488       0x68 /tmp/cc2f07iE.o
                0x0000000000005488                tcpip_init
 .text.lwip_htons
                0x00000000000054f0        0x6 /tmp/ccO6ZU8h.o
                0x00000000000054f0                lwip_htons
 .text.lwip_htonl
                0x00000000000054f6        0x4 /tmp/ccO6ZU8h.o
                0x00000000000054f6                lwip_htonl
 .text.lwip_standard_chksum
                0x00000000000054fa       0x60 /tmp/cc2H0S6C.o
                0x00000000000054fa                lwip_standard_chksum
 .text.inet_chksum_pseudo
                0x000000000000555a       0x8e /tmp/cc2H0S6C.o
                0x000000000000555a                inet_chksum_pseudo
 .text.ip_chksum_pseudo
                0x00000000000055e8        0x4 /tmp/cc2H0S6C.o
                0x00000000000055e8                ip_chksum_pseudo
 .text.inet_chksum
                0x00000000000055ec        0xc /tmp/cc2H0S6C.o
                0x00000000000055ec                inet_chksum
 .text.inet_chksum_pbuf
                0x00000000000055f8       0x44 /tmp/cc2H0S6C.o
                0x00000000000055f8                inet_chksum_pbuf
 .text.lwip_init
                0x000000000000563c       0x22 /tmp/ccsKxQTN.o
                0x000000000000563c                lwip_init
 .text.dhcp_set_state
                0x000000000000565e       0x10 /tmp/ccPPFMTl.o
 *fill*         0x000000000000566e        0x2 
 .text.dhcp_option_short
                0x0000000000005670       0x28 /tmp/ccPPFMTl.o
 .text.dhcp_option
                0x0000000000005698       0x2c /tmp/ccPPFMTl.o
 .text.dhcp_option_long
                0x00000000000056c4       0x38 /tmp/ccPPFMTl.o
 .text.dhcp_option_trailer
                0x00000000000056fc       0x28 /tmp/ccPPFMTl.o
 .text.dhcp_check
                0x0000000000005724       0x2a /tmp/ccPPFMTl.o
 *fill*         0x000000000000574e        0x2 
 .text.dhcp_bind
                0x0000000000005750       0xe8 /tmp/ccPPFMTl.o
 .text.dhcp_inc_pcb_refcount
                0x0000000000005838       0x64 /tmp/ccPPFMTl.o
 .text.unlikely.dhcp_handle_ack.isra.0
                0x000000000000589c       0x68 /tmp/ccPPFMTl.o
 .text.dhcp_dec_pcb_refcount
                0x0000000000005904       0x30 /tmp/ccPPFMTl.o
 .text.dhcp_create_msg
                0x0000000000005934      0x104 /tmp/ccPPFMTl.o
 .text.dhcp_select
                0x0000000000005a38      0x178 /tmp/ccPPFMTl.o
 .text.dhcp_reboot
                0x0000000000005bb0      0x120 /tmp/ccPPFMTl.o
 .text.dhcp_discover
                0x0000000000005cd0      0x104 /tmp/ccPPFMTl.o
 .text.dhcp_recv
                0x0000000000005dd4      0x384 /tmp/ccPPFMTl.o
 .text.dhcp_arp_reply
                0x0000000000006158       0xb0 /tmp/ccPPFMTl.o
                0x0000000000006158                dhcp_arp_reply
 .text.dhcp_renew
                0x0000000000006208       0xfc /tmp/ccPPFMTl.o
                0x0000000000006208                dhcp_renew
 .text.dhcp_supplied_address
                0x0000000000006304       0x1c /tmp/ccPPFMTl.o
                0x0000000000006304                dhcp_supplied_address
 .text.dhcp_release_and_stop
                0x0000000000006320       0xc0 /tmp/ccPPFMTl.o
                0x0000000000006320                dhcp_release_and_stop
 .text.dhcp_start
                0x00000000000063e0       0x94 /tmp/ccPPFMTl.o
                0x00000000000063e0                dhcp_start
 .text.dhcp_coarse_tmr
                0x0000000000006474      0x190 /tmp/ccPPFMTl.o
                0x0000000000006474                dhcp_coarse_tmr
 .text.dhcp_fine_tmr
                0x0000000000006604       0x80 /tmp/ccPPFMTl.o
                0x0000000000006604                dhcp_fine_tmr
 .text.etharp_free_entry
                0x0000000000006684       0x3c /tmp/ccVeZHiy.o
 .text.etharp_find_entry
                0x00000000000066c0      0x120 /tmp/ccVeZHiy.o
 .text.etharp_raw
                0x00000000000067e0       0xc4 /tmp/ccVeZHiy.o
 .text.etharp_input
                0x00000000000068a4      0x144 /tmp/ccVeZHiy.o
                0x00000000000068a4                etharp_input
 .text.etharp_request
                0x00000000000069e8       0x2c /tmp/ccVeZHiy.o
                0x00000000000069e8                etharp_request
 .text.etharp_tmr
                0x0000000000006a14       0x54 /tmp/ccVeZHiy.o
                0x0000000000006a14                etharp_tmr
 .text.etharp_output_to_arp_index
                0x0000000000006a68       0xa8 /tmp/ccVeZHiy.o
 .text.etharp_query
                0x0000000000006b10      0x134 /tmp/ccVeZHiy.o
                0x0000000000006b10                etharp_query
 .text.etharp_output
                0x0000000000006c44      0x118 /tmp/ccVeZHiy.o
                0x0000000000006c44                etharp_output
 .text.icmp_send_response.isra.0
                0x0000000000006d5c       0x90 /tmp/cc2WF5UK.o
 .text.icmp_input
                0x0000000000006dec      0x148 /tmp/cc2WF5UK.o
                0x0000000000006dec                icmp_input
 .text.icmp_dest_unreach
                0x0000000000006f34        0xa /tmp/cc2WF5UK.o
                0x0000000000006f34                icmp_dest_unreach
 .text.icmp_time_exceeded
                0x0000000000006f3e        0xa /tmp/cc2WF5UK.o
                0x0000000000006f3e                icmp_time_exceeded
 .text.ip4_input_accept
                0x0000000000006f48       0x34 /tmp/cccTnILa.o
 .text.ip4_route
                0x0000000000006f7c       0x5c /tmp/cccTnILa.o
                0x0000000000006f7c                ip4_route
 .text.ip4_input
                0x0000000000006fd8      0x18c /tmp/cccTnILa.o
                0x0000000000006fd8                ip4_input
 .text.ip4_output_if_src
                0x0000000000007164      0x118 /tmp/cccTnILa.o
                0x0000000000007164                ip4_output_if_src
 .text.ip4_output_if
                0x000000000000727c       0x22 /tmp/cccTnILa.o
                0x000000000000727c                ip4_output_if
 .text.ip4_addr_isbroadcast_u32
                0x000000000000729e       0x32 /tmp/ccSBBS7n.o
                0x000000000000729e                ip4_addr_isbroadcast_u32
 .text.ip4addr_ntoa_r
                0x00000000000072d0       0x92 /tmp/ccSBBS7n.o
                0x00000000000072d0                ip4addr_ntoa_r
 *fill*         0x0000000000007362        0x2 
 .text.ip4addr_ntoa
                0x0000000000007364        0xc /tmp/ccSBBS7n.o
                0x0000000000007364                ip4addr_ntoa
 .text.ip_reass_dequeue_datagram
                0x0000000000007370       0x34 /tmp/ccxU5cRB.o
 .text.ip_reass_free_complete_datagram
                0x00000000000073a4       0xb4 /tmp/ccxU5cRB.o
 .text.ip_reass_remove_oldest_datagram
                0x0000000000007458       0x78 /tmp/ccxU5cRB.o
 .text.ipfrag_free_pbuf_custom
                0x00000000000074d0       0x24 /tmp/ccxU5cRB.o
 .text.ip_reass_tmr
                0x00000000000074f4       0x28 /tmp/ccxU5cRB.o
                0x00000000000074f4                ip_reass_tmr
 .text.ip4_reass
                0x000000000000751c      0x338 /tmp/ccxU5cRB.o
                0x000000000000751c                ip4_reass
 .text.ip4_frag
                0x0000000000007854      0x1a8 /tmp/ccxU5cRB.o
                0x0000000000007854                ip4_frag
 .text.mem_init
                0x00000000000079fc       0x58 /tmp/cclUbfvX.o
                0x00000000000079fc                mem_init
 .text.mem_free
                0x0000000000007a54      0x170 /tmp/cclUbfvX.o
                0x0000000000007a54                mem_free
 .text.mem_trim
                0x0000000000007bc4      0x134 /tmp/cclUbfvX.o
                0x0000000000007bc4                mem_trim
 .text.mem_malloc
                0x0000000000007cf8      0x12c /tmp/cclUbfvX.o
                0x0000000000007cf8                mem_malloc
 .text.do_memp_malloc_pool.isra.0
                0x0000000000007e24       0x2c /tmp/ccenC76c.o
 .text.do_memp_free_pool.isra.1
                0x0000000000007e50       0x28 /tmp/ccenC76c.o
 .text.memp_init_pool
                0x0000000000007e78       0x26 /tmp/ccenC76c.o
                0x0000000000007e78                memp_init_pool
 *fill*         0x0000000000007e9e        0x2 
 .text.memp_init
                0x0000000000007ea0       0x1c /tmp/ccenC76c.o
                0x0000000000007ea0                memp_init
 .text.memp_malloc
                0x0000000000007ebc       0x28 /tmp/ccenC76c.o
                0x0000000000007ebc                memp_malloc
 .text.memp_free
                0x0000000000007ee4       0x24 /tmp/ccenC76c.o
                0x0000000000007ee4                memp_free
 .text.netif_null_output_ip4
                0x0000000000007f08        0x6 /tmp/ccXVCA4s.o
 *fill*         0x0000000000007f0e        0x2 
 .text.netif_issue_reports
                0x0000000000007f10       0x38 /tmp/ccXVCA4s.o
 .text.netif_do_set_ipaddr
                0x0000000000007f48       0x54 /tmp/ccXVCA4s.o
 .text.netif_init
                0x0000000000007f9c        0x2 /tmp/ccXVCA4s.o
                0x0000000000007f9c                netif_init
 *fill*         0x0000000000007f9e        0x2 
 .text.netif_set_addr
                0x0000000000007fa0       0x58 /tmp/ccXVCA4s.o
                0x0000000000007fa0                netif_set_addr
 .text.netif_add
                0x0000000000007ff8      0x118 /tmp/ccXVCA4s.o
                0x0000000000007ff8                netif_add
 .text.netif_set_default
                0x0000000000008110        0xc /tmp/ccXVCA4s.o
                0x0000000000008110                netif_set_default
 .text.netif_set_up
                0x000000000000811c       0x24 /tmp/ccXVCA4s.o
                0x000000000000811c                netif_set_up
 .text.netif_get_by_index
                0x0000000000008140       0x20 /tmp/ccXVCA4s.o
                0x0000000000008140                netif_get_by_index
 .text.pbuf_add_header_impl
                0x0000000000008160       0x54 /tmp/ccrkHFyJ.o
 .text.pbuf_alloc_reference
                0x00000000000081b4       0x38 /tmp/ccrkHFyJ.o
                0x00000000000081b4                pbuf_alloc_reference
 .text.pbuf_alloced_custom
                0x00000000000081ec       0x36 /tmp/ccrkHFyJ.o
                0x00000000000081ec                pbuf_alloced_custom
 .text.pbuf_add_header
                0x0000000000008222        0x6 /tmp/ccrkHFyJ.o
                0x0000000000008222                pbuf_add_header
 .text.pbuf_remove_header
                0x0000000000008228       0x40 /tmp/ccrkHFyJ.o
                0x0000000000008228                pbuf_remove_header
 .text.pbuf_header_force
                0x0000000000008268       0x10 /tmp/ccrkHFyJ.o
                0x0000000000008268                pbuf_header_force
 .text.pbuf_free
                0x0000000000008278       0xa4 /tmp/ccrkHFyJ.o
                0x0000000000008278                pbuf_free
 .text.pbuf_alloc
                0x000000000000831c       0xf8 /tmp/ccrkHFyJ.o
                0x000000000000831c                pbuf_alloc
 .text.pbuf_realloc
                0x0000000000008414       0x84 /tmp/ccrkHFyJ.o
                0x0000000000008414                pbuf_realloc
 .text.pbuf_clen
                0x0000000000008498       0x10 /tmp/ccrkHFyJ.o
                0x0000000000008498                pbuf_clen
 .text.pbuf_ref
                0x00000000000084a8       0x28 /tmp/ccrkHFyJ.o
                0x00000000000084a8                pbuf_ref
 .text.pbuf_cat
                0x00000000000084d0       0x54 /tmp/ccrkHFyJ.o
                0x00000000000084d0                pbuf_cat
 .text.pbuf_chain
                0x0000000000008524       0x12 /tmp/ccrkHFyJ.o
                0x0000000000008524                pbuf_chain
 *fill*         0x0000000000008536        0x2 
 .text.pbuf_copy
                0x0000000000008538       0xd0 /tmp/ccrkHFyJ.o
                0x0000000000008538                pbuf_copy
 .text.pbuf_copy_partial
                0x0000000000008608       0x74 /tmp/ccrkHFyJ.o
                0x0000000000008608                pbuf_copy_partial
 .text.pbuf_clone
                0x000000000000867c       0x28 /tmp/ccrkHFyJ.o
                0x000000000000867c                pbuf_clone
 .text.sys_msleep
                0x00000000000086a4       0x22 /tmp/ccxh9cUx.o
                0x00000000000086a4                sys_msleep
 .text.tcp_init
                0x00000000000086c6        0x2 /tmp/ccztIRDP.o
                0x00000000000086c6                tcp_init
 .text.tcp_free
                0x00000000000086c8       0x20 /tmp/ccztIRDP.o
                0x00000000000086c8                tcp_free
 .text.tcp_backlog_accepted
                0x00000000000086e8       0x3c /tmp/ccztIRDP.o
                0x00000000000086e8                tcp_backlog_accepted
 .text.tcp_close_shutdown_fin
                0x0000000000008724       0x64 /tmp/ccztIRDP.o
 .text.tcp_update_rcv_ann_wnd
                0x0000000000008788       0x54 /tmp/ccztIRDP.o
                0x0000000000008788                tcp_update_rcv_ann_wnd
 .text.tcp_recved
                0x00000000000087dc       0x60 /tmp/ccztIRDP.o
                0x00000000000087dc                tcp_recved
 .text.tcp_seg_free
                0x000000000000883c       0x1c /tmp/ccztIRDP.o
                0x000000000000883c                tcp_seg_free
 .text.tcp_segs_free
                0x0000000000008858       0x10 /tmp/ccztIRDP.o
                0x0000000000008858                tcp_segs_free
 .text.tcp_pcb_purge
                0x0000000000008868       0x4c /tmp/ccztIRDP.o
                0x0000000000008868                tcp_pcb_purge
 .text.tcp_slowtmr
                0x00000000000088b4      0x3dc /tmp/ccztIRDP.o
                0x00000000000088b4                tcp_slowtmr
 .text.tcp_pcb_remove
                0x0000000000008c90       0x8c /tmp/ccztIRDP.o
                0x0000000000008c90                tcp_pcb_remove
 .text.tcp_close_shutdown
                0x0000000000008d1c      0x144 /tmp/ccztIRDP.o
 .text.tcp_close
                0x0000000000008e60       0x2c /tmp/ccztIRDP.o
                0x0000000000008e60                tcp_close
 .text.tcp_recv_null
                0x0000000000008e8c       0x38 /tmp/ccztIRDP.o
                0x0000000000008e8c                tcp_recv_null
 .text.tcp_process_refused_data
                0x0000000000008ec4       0x7c /tmp/ccztIRDP.o
                0x0000000000008ec4                tcp_process_refused_data
 .text.tcp_fasttmr
                0x0000000000008f40       0x80 /tmp/ccztIRDP.o
                0x0000000000008f40                tcp_fasttmr
 .text.tcp_tmr  0x0000000000008fc0       0x24 /tmp/ccztIRDP.o
                0x0000000000008fc0                tcp_tmr
 .text.tcp_abandon
                0x0000000000008fe4       0xec /tmp/ccztIRDP.o
                0x0000000000008fe4                tcp_abandon
 .text.tcp_abort
                0x00000000000090d0        0x6 /tmp/ccztIRDP.o
                0x00000000000090d0                tcp_abort
 *fill*         0x00000000000090d6        0x2 
 .text.tcp_netif_ip_addr_changed_pcblist
                0x00000000000090d8       0x2c /tmp/ccztIRDP.o
 .text.tcp_kill_state
                0x0000000000009104       0x50 /tmp/ccztIRDP.o
 .text.tcp_alloc
                0x0000000000009154      0x138 /tmp/ccztIRDP.o
                0x0000000000009154                tcp_alloc
 .text.tcp_next_iss
                0x000000000000928c       0x24 /tmp/ccztIRDP.o
                0x000000000000928c                tcp_next_iss
 .text.tcp_eff_send_mss_netif
                0x00000000000092b0       0x2c /tmp/ccztIRDP.o
                0x00000000000092b0                tcp_eff_send_mss_netif
 .text.tcp_netif_ip_addr_changed
                0x00000000000092dc       0x48 /tmp/ccztIRDP.o
                0x00000000000092dc                tcp_netif_ip_addr_changed
 .text.tcp_get_next_optbyte
                0x0000000000009324       0x38 /tmp/cctafV97.o
 .text.tcp_parseopt
                0x000000000000935c       0x88 /tmp/cctafV97.o
 .text.unlikely.tcp_input_delayed_close
                0x00000000000093e4       0x48 /tmp/cctafV97.o
 .text.tcp_free_acked_segments.isra.2
                0x000000000000942c       0xa0 /tmp/cctafV97.o
 .text.tcp_receive
                0x00000000000094cc      0x498 /tmp/cctafV97.o
 .text.tcp_input
                0x0000000000009964      0xa8c /tmp/cctafV97.o
                0x0000000000009964                tcp_input
 .text.tcp_trigger_input_pcb_close
                0x000000000000a3f0       0x10 /tmp/cctafV97.o
                0x000000000000a3f0                tcp_trigger_input_pcb_close
 .text.tcp_output_segment_busy
                0x000000000000a400       0x20 /tmp/ccBB9Csr.o
 .text.tcp_create_segment
                0x000000000000a420       0xe0 /tmp/ccBB9Csr.o
 .text.tcp_output_alloc_header_common.constprop.3
                0x000000000000a500       0x74 /tmp/ccBB9Csr.o
 .text.tcp_output_alloc_header.constprop.2
                0x000000000000a574       0x3c /tmp/ccBB9Csr.o
 .text.tcp_output_fill_options.isra.0.constprop.4
                0x000000000000a5b0       0x10 /tmp/ccBB9Csr.o
 .text.tcp_output_control_segment
                0x000000000000a5c0       0x94 /tmp/ccBB9Csr.o
 .text.tcp_split_unsent_seg
                0x000000000000a654      0x16c /tmp/ccBB9Csr.o
                0x000000000000a654                tcp_split_unsent_seg
 .text.tcp_enqueue_flags
                0x000000000000a7c0      0x104 /tmp/ccBB9Csr.o
                0x000000000000a7c0                tcp_enqueue_flags
 .text.tcp_send_fin
                0x000000000000a8c4       0x50 /tmp/ccBB9Csr.o
                0x000000000000a8c4                tcp_send_fin
 .text.tcp_rexmit_rto_prepare
                0x000000000000a914       0x80 /tmp/ccBB9Csr.o
                0x000000000000a914                tcp_rexmit_rto_prepare
 .text.tcp_rexmit
                0x000000000000a994       0x74 /tmp/ccBB9Csr.o
                0x000000000000a994                tcp_rexmit
 .text.tcp_rexmit_fast
                0x000000000000aa08       0x60 /tmp/ccBB9Csr.o
                0x000000000000aa08                tcp_rexmit_fast
 .text.tcp_rst  0x000000000000aa68       0x70 /tmp/ccBB9Csr.o
                0x000000000000aa68                tcp_rst
 .text.tcp_send_empty_ack
                0x000000000000aad8       0x54 /tmp/ccBB9Csr.o
                0x000000000000aad8                tcp_send_empty_ack
 .text.tcp_output
                0x000000000000ab2c      0x338 /tmp/ccBB9Csr.o
                0x000000000000ab2c                tcp_output
 .text.tcp_rexmit_rto_commit
                0x000000000000ae64       0x28 /tmp/ccBB9Csr.o
                0x000000000000ae64                tcp_rexmit_rto_commit
 .text.tcp_rexmit_rto
                0x000000000000ae8c       0x24 /tmp/ccBB9Csr.o
                0x000000000000ae8c                tcp_rexmit_rto
 .text.tcp_keepalive
                0x000000000000aeb0       0x40 /tmp/ccBB9Csr.o
                0x000000000000aeb0                tcp_keepalive
 .text.tcp_zero_window_probe
                0x000000000000aef0       0xb8 /tmp/ccBB9Csr.o
                0x000000000000aef0                tcp_zero_window_probe
 .text.sys_timeout_abs
                0x000000000000afa8       0x58 /tmp/ccsWcM1K.o
 .text.lwip_cyclic_timer
                0x000000000000b000       0x34 /tmp/ccsWcM1K.o
 .text.sys_timeout
                0x000000000000b034       0x2c /tmp/ccsWcM1K.o
                0x000000000000b034                sys_timeout
 .text.tcp_timer_needed
                0x000000000000b060       0x34 /tmp/ccsWcM1K.o
                0x000000000000b060                tcp_timer_needed
 .text.tcpip_tcp_timer
                0x000000000000b094       0x38 /tmp/ccsWcM1K.o
 .text.sys_timeouts_init
                0x000000000000b0cc       0x4c /tmp/ccsWcM1K.o
                0x000000000000b0cc                sys_timeouts_init
 .text.sys_check_timeouts
                0x000000000000b118       0x44 /tmp/ccsWcM1K.o
                0x000000000000b118                sys_check_timeouts
 .text.sys_timeouts_sleeptime
                0x000000000000b15c       0x24 /tmp/ccsWcM1K.o
                0x000000000000b15c                sys_timeouts_sleeptime
 .text.udp_init
                0x000000000000b180        0x2 /tmp/cc9lNNY4.o
                0x000000000000b180                udp_init
 *fill*         0x000000000000b182        0x2 
 .text.udp_input
                0x000000000000b184      0x1ac /tmp/cc9lNNY4.o
                0x000000000000b184                udp_input
 .text.udp_bind
                0x000000000000b330       0xbc /tmp/cc9lNNY4.o
                0x000000000000b330                udp_bind
 .text.udp_sendto_if_src
                0x000000000000b3ec      0x128 /tmp/cc9lNNY4.o
                0x000000000000b3ec                udp_sendto_if_src
 .text.udp_sendto_if
                0x000000000000b514       0x60 /tmp/cc9lNNY4.o
                0x000000000000b514                udp_sendto_if
 .text.udp_connect
                0x000000000000b574       0x60 /tmp/cc9lNNY4.o
                0x000000000000b574                udp_connect
 .text.udp_recv
                0x000000000000b5d4       0x14 /tmp/cc9lNNY4.o
                0x000000000000b5d4                udp_recv
 .text.udp_remove
                0x000000000000b5e8       0x3c /tmp/cc9lNNY4.o
                0x000000000000b5e8                udp_remove
 .text.udp_new  0x000000000000b624       0x1c /tmp/cc9lNNY4.o
                0x000000000000b624                udp_new
 .text.udp_netif_ip_addr_changed
                0x000000000000b640       0x2c /tmp/cc9lNNY4.o
                0x000000000000b640                udp_netif_ip_addr_changed
 .text.ethernet_input
                0x000000000000b66c       0xa0 /tmp/cchnibZ3.o
                0x000000000000b66c                ethernet_input
 .text.ethernet_output
                0x000000000000b70c       0x60 /tmp/cchnibZ3.o
                0x000000000000b70c                ethernet_output
 .text._sbrk    0x000000000000b76c       0x38 /tmp/ccOvwWJw.o
                0x000000000000b76c                _sbrk
 *(.rodata)
 .rodata        0x000000000000b7a4        0xc /tmp/ccYMvnVx.o
 .rodata        0x000000000000b7b0        0x4 /usr/lib/gcc/arm-none-eabi/6.3.1/../../../arm-none-eabi/lib/thumb/v7e-m/fpv4-sp/hard/libc_nano.a(lib_a-impure.o)
                0x000000000000b7b0                _global_impure_ptr
 *(.rodata*)
 .rodata.dhcp_init.str1.1
                0x000000000000b7b4       0x74 /tmp/ccYMvnVx.o
                                         0xa7 (size before relaxing)
 .rodata.main.str1.1
                0x000000000000b828        0x7 /tmp/ccYMvnVx.o
 .rodata.print_dhcp_state.str1.1
                0x000000000000b82f       0xc3 /tmp/ccYMvnVx.o
                                         0xca (size before relaxing)
 .rodata.mcgConfig_BOARD_BootClockRUN
                0x000000000000b8f2        0xb /tmp/ccmZbr0p.o
                0x000000000000b8f2                mcgConfig_BOARD_BootClockRUN
 *fill*         0x000000000000b8fd        0x3 
 .rodata.oscConfig_BOARD_BootClockRUN
                0x000000000000b900        0x8 /tmp/ccmZbr0p.o
                0x000000000000b900                oscConfig_BOARD_BootClockRUN
 .rodata.simConfig_BOARD_BootClockRUN
                0x000000000000b908        0x8 /tmp/ccmZbr0p.o
                0x000000000000b908                simConfig_BOARD_BootClockRUN
 .rodata.ethernetif_enet_init.str1.1
                0x000000000000b910       0x1b /tmp/cc70xeHl.o
 .rodata.ethernetif_linkoutput.str1.1
                0x000000000000b92b       0x1b /tmp/cc70xeHl.o
 .rodata.fllFactorTable.8080
                0x000000000000b946       0x10 /tmp/ccqptAyi.o
 *fill*         0x000000000000b956        0x2 
 .rodata.s_enetClock
                0x000000000000b958        0x4 /tmp/ccsQreMh.o
                0x000000000000b958                s_enetClock
 .rodata.vTaskStartScheduler.str1.1
                0x000000000000b95c        0x5 /tmp/ccsSVoQh.o
 .rodata.prvCheckForValidListAndQueue.str1.1
                0x000000000000b961        0x5 /tmp/ccP58Erj.o
 .rodata.xTimerCreateTimerTask.str1.1
                0x000000000000b966        0x8 /tmp/ccP58Erj.o
 *fill*         0x000000000000b96e        0x2 
 .rodata.s_uartBases
                0x000000000000b970       0x18 /tmp/ccib2XaG.o
 .rodata.s_uartClock
                0x000000000000b988       0x18 /tmp/ccib2XaG.o
 .rodata.s_UartAdapterBase
                0x000000000000b9a0       0x18 /tmp/ccSzkrFT.o
 .rodata.ethernetif_init.str1.1
                0x000000000000b9b8       0x42 /tmp/ccfiTncp.o
 .rodata.ethernetif_input.str1.1
                0x000000000000b9fa       0x42 /tmp/ccfiTncp.o
                                          0xe (size before relaxing)
 .rodata.ethernetif_phy_init.str1.1
                0x000000000000b9fa       0x8d /tmp/ccfiTncp.o
                                         0x90 (size before relaxing)
 .rodata.sys_assert.str1.1
                0x000000000000ba87        0x3 /tmp/ccq02Fbv.o
 .rodata.tcpip_init.str1.1
                0x000000000000ba8a       0x51 /tmp/cc2f07iE.o
 .rodata.tcpip_inpkt.str1.1
                0x000000000000badb        0xd /tmp/cc2f07iE.o
 .rodata.tcpip_thread.str1.1
                0x000000000000bae8       0x1e /tmp/cc2f07iE.o
 .rodata.dhcp_bind.str1.1
                0x000000000000bb06       0x31 /tmp/ccPPFMTl.o
 .rodata.dhcp_create_msg.str1.1
                0x000000000000bb37       0x7d /tmp/ccPPFMTl.o
 .rodata.dhcp_dec_pcb_refcount.str1.1
                0x000000000000bbb4       0x24 /tmp/ccPPFMTl.o
 .rodata.dhcp_discover_request_options
                0x000000000000bbd8        0x3 /tmp/ccPPFMTl.o
 .rodata.dhcp_inc_pcb_refcount.str1.1
                0x000000000000bbdb       0x25 /tmp/ccPPFMTl.o
 .rodata.dhcp_option.str1.1
                0x000000000000bc00       0x42 /tmp/ccPPFMTl.o
 .rodata.dhcp_option_long.str1.1
                0x000000000000bc42       0x3a /tmp/ccPPFMTl.o
 .rodata.dhcp_option_short.str1.1
                0x000000000000bc7c       0x3b /tmp/ccPPFMTl.o
 .rodata.dhcp_recv.str1.1
                0x000000000000bcb7       0x72 /tmp/ccPPFMTl.o
 .rodata.dhcp_select.str1.1
                0x000000000000bd29       0x6a /tmp/ccPPFMTl.o
 .rodata.dhcp_set_struct.str1.1
                0x000000000000bd93       0x24 /tmp/ccPPFMTl.o
                                         0x3f (size before relaxing)
 .rodata.dhcp_start.str1.1
                0x000000000000bdb7       0x21 /tmp/ccPPFMTl.o
 .rodata.etharp_find_entry.str1.1
                0x000000000000bdd8       0x40 /tmp/ccVeZHiy.o
 .rodata.etharp_get_entry.str1.1
                0x000000000000be18       0x1f /tmp/ccVeZHiy.o
 .rodata.etharp_input.str1.1
                0x000000000000be37       0x24 /tmp/ccVeZHiy.o
 .rodata.etharp_output.str1.1
                0x000000000000be5b       0x24 /tmp/ccVeZHiy.o
                                          0xa (size before relaxing)
 .rodata.etharp_output_to_arp_index.str1.1
                0x000000000000be5b       0x30 /tmp/ccVeZHiy.o
 .rodata.etharp_query.str1.1
                0x000000000000be8b       0x50 /tmp/ccVeZHiy.o
 .rodata.etharp_raw.str1.1
                0x000000000000bedb       0x72 /tmp/ccVeZHiy.o
                                         0x80 (size before relaxing)
 .rodata.icmp_input.str1.1
                0x000000000000bf4d       0x67 /tmp/cc2WF5UK.o
 .rodata.icmp_send_response.isra.0.str1.1
                0x000000000000bfb4       0x2c /tmp/cc2WF5UK.o
 .rodata.ip4_output_if_src.str1.1
                0x000000000000bfe0       0x39 /tmp/cccTnILa.o
 *fill*         0x000000000000c019        0x3 
 .rodata.ip_addr_any
                0x000000000000c01c        0x4 /tmp/ccSBBS7n.o
                0x000000000000c01c                ip_addr_any
 .rodata.ip_addr_broadcast
                0x000000000000c020        0x4 /tmp/ccSBBS7n.o
                0x000000000000c020                ip_addr_broadcast
 .rodata.ip4_frag.str1.1
                0x000000000000c024       0x4a /tmp/ccxU5cRB.o
 .rodata.ip4_reass.str1.1
                0x000000000000c06e       0xbf /tmp/ccxU5cRB.o
 .rodata.ip_reass_dequeue_datagram.str1.1
                0x000000000000c12d       0x19 /tmp/ccxU5cRB.o
 .rodata.ip_reass_free_complete_datagram.str1.1
                0x000000000000c146       0x5d /tmp/ccxU5cRB.o
 .rodata.ipfrag_free_pbuf_custom.str1.1
                0x000000000000c1a3        0xc /tmp/ccxU5cRB.o
 .rodata.mem_free.str1.1
                0x000000000000c1af      0x108 /tmp/cclUbfvX.o
 .rodata.mem_init.str1.1
                0x000000000000c2b7       0x1b /tmp/cclUbfvX.o
 .rodata.mem_malloc.str1.1
                0x000000000000c2d2       0x9b /tmp/cclUbfvX.o
 .rodata.mem_trim.str1.1
                0x000000000000c36d       0x48 /tmp/cclUbfvX.o
 .rodata.do_memp_free_pool.isra.1.str1.1
                0x000000000000c3b5       0x20 /tmp/ccenC76c.o
 .rodata.do_memp_malloc_pool.isra.0.str1.1
                0x000000000000c3d5       0x23 /tmp/ccenC76c.o
 .rodata.memp_FRAG_PBUF
                0x000000000000c3f8       0x10 /tmp/ccenC76c.o
                0x000000000000c3f8                memp_FRAG_PBUF
 .rodata.memp_NETBUF
                0x000000000000c408       0x10 /tmp/ccenC76c.o
                0x000000000000c408                memp_NETBUF
 .rodata.memp_NETCONN
                0x000000000000c418       0x10 /tmp/ccenC76c.o
                0x000000000000c418                memp_NETCONN
 .rodata.memp_PBUF
                0x000000000000c428       0x10 /tmp/ccenC76c.o
                0x000000000000c428                memp_PBUF
 .rodata.memp_PBUF_POOL
                0x000000000000c438       0x10 /tmp/ccenC76c.o
                0x000000000000c438                memp_PBUF_POOL
 .rodata.memp_REASSDATA
                0x000000000000c448       0x10 /tmp/ccenC76c.o
                0x000000000000c448                memp_REASSDATA
 .rodata.memp_SYS_TIMEOUT
                0x000000000000c458       0x10 /tmp/ccenC76c.o
                0x000000000000c458                memp_SYS_TIMEOUT
 .rodata.memp_TCPIP_MSG_API
                0x000000000000c468       0x10 /tmp/ccenC76c.o
                0x000000000000c468                memp_TCPIP_MSG_API
 .rodata.memp_TCPIP_MSG_INPKT
                0x000000000000c478       0x10 /tmp/ccenC76c.o
                0x000000000000c478                memp_TCPIP_MSG_INPKT
 .rodata.memp_TCP_PCB
                0x000000000000c488       0x10 /tmp/ccenC76c.o
                0x000000000000c488                memp_TCP_PCB
 .rodata.memp_TCP_PCB_LISTEN
                0x000000000000c498       0x10 /tmp/ccenC76c.o
                0x000000000000c498                memp_TCP_PCB_LISTEN
 .rodata.memp_TCP_SEG
                0x000000000000c4a8       0x10 /tmp/ccenC76c.o
                0x000000000000c4a8                memp_TCP_SEG
 .rodata.memp_UDP_PCB
                0x000000000000c4b8       0x10 /tmp/ccenC76c.o
                0x000000000000c4b8                memp_UDP_PCB
 .rodata.memp_free.str1.1
                0x000000000000c4c8       0x1b /tmp/ccenC76c.o
 .rodata.memp_malloc.str1.1
                0x000000000000c4e3       0x1d /tmp/ccenC76c.o
 .rodata.memp_pools
                0x000000000000c500       0x34 /tmp/ccenC76c.o
                0x000000000000c500                memp_pools
 .rodata.str1.1
                0x000000000000c534       0x8b /tmp/ccenC76c.o
 .rodata.netif_add.str1.1
                0x000000000000c5bf       0x7d /tmp/ccXVCA4s.o
 .rodata.netif_do_set_ipaddr.str1.1
                0x000000000000c63c       0x10 /tmp/ccXVCA4s.o
 .rodata.netif_issue_reports.str1.1
                0x000000000000c64c       0x23 /tmp/ccXVCA4s.o
 .rodata.netif_set_up.str1.1
                0x000000000000c66f       0x1c /tmp/ccXVCA4s.o
 .rodata.pbuf_add_header_impl.str1.1
                0x000000000000c68b       0x1c /tmp/ccrkHFyJ.o
                                          0xa (size before relaxing)
 .rodata.pbuf_alloc.str1.1
                0x000000000000c68b       0x1b /tmp/ccrkHFyJ.o
 .rodata.pbuf_alloc_reference.str1.1
                0x000000000000c6a6       0x12 /tmp/ccrkHFyJ.o
 .rodata.pbuf_cat.str1.1
                0x000000000000c6b8       0x72 /tmp/ccrkHFyJ.o
 .rodata.pbuf_clone.str1.1
                0x000000000000c72a       0x11 /tmp/ccrkHFyJ.o
 .rodata.pbuf_copy.str1.1
                0x000000000000c73b       0x99 /tmp/ccrkHFyJ.o
 .rodata.pbuf_copy_partial.str1.1
                0x000000000000c7d4       0x42 /tmp/ccrkHFyJ.o
 .rodata.pbuf_free.str1.1
                0x000000000000c816       0x49 /tmp/ccrkHFyJ.o
 .rodata.pbuf_realloc.str1.1
                0x000000000000c85f       0x4c /tmp/ccrkHFyJ.o
 .rodata.pbuf_ref.str1.1
                0x000000000000c8ab       0x12 /tmp/ccrkHFyJ.o
 .rodata.pbuf_remove_header.str1.1
                0x000000000000c8bd       0x1e /tmp/ccrkHFyJ.o
 .rodata.tcp_abandon.str1.1
                0x000000000000c8db       0x4a /tmp/ccztIRDP.o
 .rodata.tcp_backlog_delayed.str1.1
                0x000000000000c925       0x21 /tmp/ccztIRDP.o
 .rodata.tcp_backoff
                0x000000000000c946        0xd /tmp/ccztIRDP.o
 .rodata.tcp_close.str1.1
                0x000000000000c953       0x17 /tmp/ccztIRDP.o
 .rodata.tcp_close_shutdown.str1.1
                0x000000000000c96a       0x52 /tmp/ccztIRDP.o
 .rodata.tcp_eff_send_mss_netif.str1.1
                0x000000000000c9bc       0x27 /tmp/ccztIRDP.o
 .rodata.tcp_free.str1.1
                0x000000000000c9e3       0x11 /tmp/ccztIRDP.o
 .rodata.tcp_kill_state.str1.1
                0x000000000000c9f4        0xe /tmp/ccztIRDP.o
 .rodata.tcp_netif_ip_addr_changed_pcblist.str1.1
                0x000000000000ca02       0x34 /tmp/ccztIRDP.o
 .rodata.tcp_next_iss.str1.1
                0x000000000000ca36       0x1a /tmp/ccztIRDP.o
 .rodata.tcp_pcb_lists
                0x000000000000ca50       0x10 /tmp/ccztIRDP.o
                0x000000000000ca50                tcp_pcb_lists
 .rodata.tcp_pcb_purge.str1.1
                0x000000000000ca60       0x1b /tmp/ccztIRDP.o
 .rodata.tcp_pcb_remove.str1.1
                0x000000000000ca7b       0x6d /tmp/ccztIRDP.o
 .rodata.tcp_persist_backoff
                0x000000000000cae8        0x7 /tmp/ccztIRDP.o
 .rodata.tcp_process_refused_data.str1.1
                0x000000000000caef       0x26 /tmp/ccztIRDP.o
 .rodata.tcp_recv_null.str1.1
                0x000000000000cb15       0x1b /tmp/ccztIRDP.o
 .rodata.tcp_recved.str1.1
                0x000000000000cb30       0x3e /tmp/ccztIRDP.o
 .rodata.tcp_slowtmr.str1.1
                0x000000000000cb6e      0x1b9 /tmp/ccztIRDP.o
 .rodata.tcp_update_rcv_ann_wnd.str1.1
                0x000000000000cd27       0x3e /tmp/ccztIRDP.o
 .rodata.tcp_free_acked_segments.isra.2.str1.1
                0x000000000000cd65       0x48 /tmp/cctafV97.o
 .rodata.tcp_input.str1.1
                0x000000000000cdad      0x1ce /tmp/cctafV97.o
 .rodata.tcp_input_delayed_close.str1.1
                0x000000000000cf7b       0x25 /tmp/cctafV97.o
 .rodata.tcp_parseopt.str1.1
                0x000000000000cfa0       0x1a /tmp/cctafV97.o
 .rodata.tcp_receive.str1.1
                0x000000000000cfba       0xb7 /tmp/cctafV97.o
 .rodata.tcp_create_segment.str1.1
                0x000000000000d071       0x56 /tmp/ccBB9Csr.o
 .rodata.tcp_enqueue_flags.str1.1
                0x000000000000d0c7      0x117 /tmp/ccBB9Csr.o
 .rodata.tcp_keepalive.str1.1
                0x000000000000d1de       0x1b /tmp/ccBB9Csr.o
 .rodata.tcp_output.str1.1
                0x000000000000d1f9       0x68 /tmp/ccBB9Csr.o
 .rodata.tcp_output_alloc_header.constprop.2.str1.1
                0x000000000000d261       0x25 /tmp/ccBB9Csr.o
 .rodata.tcp_output_alloc_header_common.constprop.3.str1.1
                0x000000000000d286       0x2e /tmp/ccBB9Csr.o
 .rodata.tcp_output_control_segment.str1.1
                0x000000000000d2b4       0x29 /tmp/ccBB9Csr.o
 .rodata.tcp_output_fill_options.isra.0.constprop.4.str1.1
                0x000000000000d2dd       0x26 /tmp/ccBB9Csr.o
 .rodata.tcp_output_segment_busy.str1.1
                0x000000000000d303       0x25 /tmp/ccBB9Csr.o
 .rodata.tcp_rexmit.str1.1
                0x000000000000d328       0x18 /tmp/ccBB9Csr.o
 .rodata.tcp_rexmit_fast.str1.1
                0x000000000000d340       0x1d /tmp/ccBB9Csr.o
 .rodata.tcp_rexmit_rto.str1.1
                0x000000000000d35d       0x1c /tmp/ccBB9Csr.o
 .rodata.tcp_rexmit_rto_commit.str1.1
                0x000000000000d379       0x23 /tmp/ccBB9Csr.o
 .rodata.tcp_rexmit_rto_prepare.str1.1
                0x000000000000d39c       0x24 /tmp/ccBB9Csr.o
 .rodata.tcp_rst.str1.1
                0x000000000000d3c0       0x35 /tmp/ccBB9Csr.o
 .rodata.tcp_send_empty_ack.str1.1
                0x000000000000d3f5       0x20 /tmp/ccBB9Csr.o
 .rodata.tcp_send_fin.str1.1
                0x000000000000d415       0x1a /tmp/ccBB9Csr.o
 .rodata.tcp_split_unsent_seg.str1.1
                0x000000000000d42f       0x5f /tmp/ccBB9Csr.o
 .rodata.tcp_zero_window_probe.str1.1
                0x000000000000d48e       0x23 /tmp/ccBB9Csr.o
 *fill*         0x000000000000d4b1        0x3 
 .rodata.lwip_cyclic_timers
                0x000000000000d4b4       0x28 /tmp/ccsWcM1K.o
                0x000000000000d4b4                lwip_cyclic_timers
 .rodata.sys_timeout.str1.1
                0x000000000000d4dc       0x36 /tmp/ccsWcM1K.o
 .rodata.sys_timeout_abs.str1.1
                0x000000000000d512       0x3d /tmp/ccsWcM1K.o
 .rodata.udp_bind.str1.1
                0x000000000000d54f       0x16 /tmp/cc9lNNY4.o
 .rodata.udp_connect.str1.1
                0x000000000000d565       0x35 /tmp/cc9lNNY4.o
 .rodata.udp_input.str1.1
                0x000000000000d59a       0x71 /tmp/cc9lNNY4.o
 .rodata.udp_recv.str1.1
                0x000000000000d60b       0x16 /tmp/cc9lNNY4.o
 .rodata.udp_remove.str1.1
                0x000000000000d621       0x18 /tmp/cc9lNNY4.o
 .rodata.udp_sendto_if.str1.1
                0x000000000000d639       0x72 /tmp/cc9lNNY4.o
 .rodata.udp_sendto_if_src.str1.1
                0x000000000000d6ab       0xd2 /tmp/cc9lNNY4.o
 .rodata.ethbroadcast
                0x000000000000d77d        0x6 /tmp/cchnibZ3.o
                0x000000000000d77d                ethbroadcast
 .rodata.ethernet_output.str1.1
                0x000000000000d783       0x31 /tmp/cchnibZ3.o
 .rodata.ethzero
                0x000000000000d7b4        0x6 /tmp/cchnibZ3.o
                0x000000000000d7b4                ethzero
 *fill*         0x000000000000d7ba        0x2 
 .rodata.str1.4
                0x000000000000d7bc        0x4 /usr/lib/gcc/arm-none-eabi/6.3.1/../../../arm-none-eabi/lib/thumb/v7e-m/fpv4-sp/hard/libc_nano.a(lib_a-impure.o)
                                          0x2 (size before relaxing)
 *(.glue_7)
 .glue_7        0x000000000000d7c0        0x0 linker stubs
 *(.glue_7t)
 .glue_7t       0x000000000000d7c0        0x0 linker stubs
 *(.eh_frame)
 .eh_frame      0x000000000000d7c0        0x0 /usr/lib/gcc/arm-none-eabi/6.3.1/thumb/v7e-m/fpv4-sp/hard/crtbegin.o
 *(.init)
 .init          0x000000000000d7c0        0x4 /usr/lib/gcc/arm-none-eabi/6.3.1/thumb/v7e-m/fpv4-sp/hard/crti.o
                0x000000000000d7c0                _init
 .init          0x000000000000d7c4        0x8 /usr/lib/gcc/arm-none-eabi/6.3.1/thumb/v7e-m/fpv4-sp/hard/crtn.o
 *(.fini)
 .fini          0x000000000000d7cc        0x4 /usr/lib/gcc/arm-none-eabi/6.3.1/thumb/v7e-m/fpv4-sp/hard/crti.o
                0x000000000000d7cc                _fini
 .fini          0x000000000000d7d0        0x8 /usr/lib/gcc/arm-none-eabi/6.3.1/thumb/v7e-m/fpv4-sp/hard/crtn.o
                0x000000000000d7d8                . = ALIGN (0x4)

.vfp11_veneer   0x000000000000d7d8        0x0
 .vfp11_veneer  0x000000000000d7d8        0x0 linker stubs

.v4_bx          0x000000000000d7d8        0x0
 .v4_bx         0x000000000000d7d8        0x0 linker stubs

.iplt           0x000000000000d7d8        0x0
 .iplt          0x000000000000d7d8        0x0 /usr/lib/gcc/arm-none-eabi/6.3.1/thumb/v7e-m/fpv4-sp/hard/crtbegin.o

.ARM.extab
 *(.ARM.extab* .gnu.linkonce.armextab.*)

.ARM            0x000000000000d7d8        0x8
                0x000000000000d7d8                __exidx_start = .
 *(.ARM.exidx*)
 .ARM.exidx     0x000000000000d7d8        0x8 /usr/lib/gcc/arm-none-eabi/6.3.1/../../../arm-none-eabi/lib/thumb/v7e-m/fpv4-sp/hard/crt0.o
 .ARM.exidx     0x000000000000d7e0        0x0 /usr/lib/gcc/arm-none-eabi/6.3.1/thumb/v7e-m/fpv4-sp/hard/libgcc.a(_udivmoddi4.o)
                                          0x8 (size before relaxing)
                0x000000000000d7e0                __exidx_end = .

.rel.dyn        0x000000000000d7e0        0x0
 .rel.iplt      0x000000000000d7e0        0x0 /usr/lib/gcc/arm-none-eabi/6.3.1/thumb/v7e-m/fpv4-sp/hard/crtbegin.o

.ctors          0x000000000000d7e0        0x0
                0x000000000000d7e0                __CTOR_LIST__ = .
 *crtbegin.o(.ctors)
 *crtbegin?.o(.ctors)
 *(EXCLUDE_FILE(*crtend.o *crtend?.o) .ctors)
 *(SORT(.ctors.*))
 *(.ctors)
                0x000000000000d7e0                __CTOR_END__ = .

.dtors          0x000000000000d7e0        0x0
                0x000000000000d7e0                __DTOR_LIST__ = .
 *crtbegin.o(.dtors)
 *crtbegin?.o(.dtors)
 *(EXCLUDE_FILE(*crtend.o *crtend?.o) .dtors)
 *(SORT(.dtors.*))
 *(.dtors)
                0x000000000000d7e0                __DTOR_END__ = .

.preinit_array  0x000000000000d7e0        0x0
                0x000000000000d7e0                PROVIDE (__preinit_array_start, .)
 *(.preinit_array*)
                0x000000000000d7e0                PROVIDE (__preinit_array_end, .)

.init_array     0x000000000000d7e0        0x4
                0x000000000000d7e0                PROVIDE (__init_array_start, .)
 *(SORT(.init_array.*))
 *(.init_array*)
 .init_array    0x000000000000d7e0        0x4 /usr/lib/gcc/arm-none-eabi/6.3.1/thumb/v7e-m/fpv4-sp/hard/crtbegin.o
                0x000000000000d7e4                PROVIDE (__init_array_end, .)

.fini_array     0x000000000000d7e4        0x4
                0x000000000000d7e4                PROVIDE (__fini_array_start, .)
 *(SORT(.fini_array.*))
 *(.fini_array*)
 .fini_array    0x000000000000d7e4        0x4 /usr/lib/gcc/arm-none-eabi/6.3.1/thumb/v7e-m/fpv4-sp/hard/crtbegin.o
                0x000000000000d7e8                PROVIDE (__fini_array_end, .)
                0x000000000000d7e8                __etext = .
                0x000000000000d7e8                __DATA_ROM = .

.data           0x000000001fff0000       0x84 load address 0x000000000000d7e8
                0x000000001fff0000                . = ALIGN (0x4)
                0x000000001fff0000                __DATA_RAM = .
                0x000000001fff0000                __data_start__ = .
 *(.data)
 .data          0x000000001fff0000       0x64 /usr/lib/gcc/arm-none-eabi/6.3.1/../../../arm-none-eabi/lib/thumb/v7e-m/fpv4-sp/hard/libc_nano.a(lib_a-impure.o)
                0x000000001fff0000                _impure_ptr
 *(.data*)
 .data.s_fastIrcFreq
                0x000000001fff0064        0x4 /tmp/ccqptAyi.o
 .data.s_slowIrcFreq
                0x000000001fff0068        0x4 /tmp/ccqptAyi.o
 .data.uxCriticalNesting
                0x000000001fff006c        0x4 /tmp/ccADnpPf.o
 .data.SystemCoreClock
                0x000000001fff0070        0x4 /tmp/ccJOMn0O.o
                0x000000001fff0070                SystemCoreClock
 .data.xid.9696
                0x000000001fff0074        0x4 /tmp/ccPPFMTl.o
 .data.iss.9723
                0x000000001fff0078        0x4 /tmp/ccztIRDP.o
 .data.udp_port
                0x000000001fff007c        0x2 /tmp/cc9lNNY4.o
 *(.jcr*)
 *fill*         0x000000001fff007e        0x2 
 .jcr           0x000000001fff0080        0x0 /usr/lib/gcc/arm-none-eabi/6.3.1/thumb/v7e-m/fpv4-sp/hard/crtbegin.o
 .jcr           0x000000001fff0080        0x4 /usr/lib/gcc/arm-none-eabi/6.3.1/thumb/v7e-m/fpv4-sp/hard/crtend.o
                0x000000001fff0084                . = ALIGN (0x4)
                0x000000001fff0084                __data_end__ = .
                0x000000000000d86c                __DATA_END = (__DATA_ROM + (__data_end__ - __data_start__))
                0x0000000000100000                text_end = (ORIGIN (m_text) + LENGTH (m_text))
                0x0000000000000001                ASSERT ((__DATA_END <= text_end), region m_text overflowed with text and data)

.tm_clone_table
                0x000000001fff0084        0x0 load address 0x000000000000d86c
 .tm_clone_table
                0x000000001fff0084        0x0 /usr/lib/gcc/arm-none-eabi/6.3.1/thumb/v7e-m/fpv4-sp/hard/crtbegin.o
 .tm_clone_table
                0x000000001fff0084        0x0 /usr/lib/gcc/arm-none-eabi/6.3.1/thumb/v7e-m/fpv4-sp/hard/crtend.o

.igot.plt       0x000000001fff0084        0x0 load address 0x000000000000d86c
 .igot.plt      0x000000001fff0084        0x0 /usr/lib/gcc/arm-none-eabi/6.3.1/thumb/v7e-m/fpv4-sp/hard/crtbegin.o

.bss            0x000000001fff0090     0xd8a4 load address 0x000000000000d880
                0x000000001fff0090                . = ALIGN (0x4)
                0x000000001fff0090                __START_BSS = .
                0x000000001fff0090                __bss_start__ = .
 *(.bss)
 .bss           0x000000001fff0090       0x1c /usr/lib/gcc/arm-none-eabi/6.3.1/thumb/v7e-m/fpv4-sp/hard/crtbegin.o
 .bss           0x000000001fff00ac        0x8 /usr/lib/gcc/arm-none-eabi/6.3.1/../../../arm-none-eabi/lib/thumb/v7e-m/fpv4-sp/hard/libc_nano.a(lib_a-nano-mallocr.o)
                0x000000001fff00ac                __malloc_free_list
                0x000000001fff00b0                __malloc_sbrk_start
 .bss           0x000000001fff00b4       0x8c /usr/lib/gcc/arm-none-eabi/6.3.1/../../../arm-none-eabi/lib/thumb/v7e-m/fpv4-sp/hard/libc_nano.a(lib_a-__atexit.o)
 .bss           0x000000001fff0140        0x4 /usr/lib/gcc/arm-none-eabi/6.3.1/../../../arm-none-eabi/lib/thumb/v7e-m/fpv4-sp/hard/libc_nano.a(lib_a-__call_atexit.o)
                0x000000001fff0140                _global_atexit
 *(.bss*)
 .bss.fsl_netif0.10103
                0x000000001fff0144       0x34 /tmp/ccYMvnVx.o
 .bss.ethernetif_0.9580
                0x000000001fff0178       0x40 /tmp/cc70xeHl.o
 *fill*         0x000000001fff01b8        0x8 
 .bss.rxBuffDescrip_0.9581
                0x000000001fff01c0       0x28 /tmp/cc70xeHl.o
 *fill*         0x000000001fff01e8        0x8 
 .bss.rxDataBuff_0.9583
                0x000000001fff01f0     0x1db0 /tmp/cc70xeHl.o
 .bss.txBuffDescrip_0.9582
                0x000000001fff1fa0       0x18 /tmp/cc70xeHl.o
 *fill*         0x000000001fff1fb8        0x8 
 .bss.txDataBuff_0.9584
                0x000000001fff1fc0     0x11d0 /tmp/cc70xeHl.o
 .bss.ucBuffer.9541
                0x000000001fff3190      0x5ee /tmp/cc70xeHl.o
 *fill*         0x000000001fff377e        0x2 
 .bss.g_xtal0Freq
                0x000000001fff3780        0x4 /tmp/ccqptAyi.o
                0x000000001fff3780                g_xtal0Freq
 .bss.g_xtal32Freq